******************************************************************************
                  MSP430 Linker PC v21.6.1                     
******************************************************************************
>> Linked Thu Apr 13 21:37:44 2023

OUTPUT FILE NAME:   <EED3018_lab5.out>
ENTRY POINT SYMBOL: "_c_int00_noargs"  address: 0000d29a


MEMORY CONFIGURATION

         name            origin    length      used     unused   attr    fill
----------------------  --------  ---------  --------  --------  ----  --------
  SFR                   00000000   00000010  00000000  00000010  RWIX
  PERIPHERALS_8BIT      00000010   000000f0  00000000  000000f0  RWIX
  PERIPHERALS_16BIT     00000100   00000100  00000000  00000100  RWIX
  RAM                   00000200   00000200  00000054  000001ac  RWIX
  INFOD                 00001000   00000040  00000000  00000040  RWIX
  INFOC                 00001040   00000040  00000000  00000040  RWIX
  INFOB                 00001080   00000040  00000000  00000040  RWIX
  INFOA                 000010c0   00000040  00000000  00000040  RWIX
  FLASH                 0000c000   00003fde  000013b4  00002c2a  RWIX
  BSLSIGNATURE          0000ffde   00000002  00000002  00000000  RWIX  ffff 
  INT00                 0000ffe0   00000002  00000002  00000000  RWIX
  INT01                 0000ffe2   00000002  00000000  00000002  RWIX
  INT02                 0000ffe4   00000002  00000002  00000000  RWIX
  INT03                 0000ffe6   00000002  00000002  00000000  RWIX
  INT04                 0000ffe8   00000002  00000000  00000002  RWIX
  INT05                 0000ffea   00000002  00000002  00000000  RWIX
  INT06                 0000ffec   00000002  00000002  00000000  RWIX
  INT07                 0000ffee   00000002  00000002  00000000  RWIX
  INT08                 0000fff0   00000002  00000002  00000000  RWIX
  INT09                 0000fff2   00000002  00000002  00000000  RWIX
  INT10                 0000fff4   00000002  00000002  00000000  RWIX
  INT11                 0000fff6   00000002  00000002  00000000  RWIX
  INT12                 0000fff8   00000002  00000002  00000000  RWIX
  INT13                 0000fffa   00000002  00000002  00000000  RWIX
  INT14                 0000fffc   00000002  00000002  00000000  RWIX
  RESET                 0000fffe   00000002  00000002  00000000  RWIX


SECTION ALLOCATION MAP

 output                                  attributes/
section   page    origin      length       input sections
--------  ----  ----------  ----------   ----------------
.data      0    00000200    00000004     UNINITIALIZED
                  00000200    00000004     main.obj (.data)

.stack     0    000003b0    00000050     UNINITIALIZED
                  000003b0    00000002     rts430_eabi.lib : boot.c.obj (.stack)
                  000003b2    0000004e     --HOLE--

.text      0    0000c000    000013a4     
                  0000c000    00000736     rts430_eabi.lib : addd.c.obj (.text:__mspabi_addd)
                  0000c736    00000478                     : frcdivd.c.obj (.text:__TI_frcdivd)
                  0000cbae    00000232                     : divd.c.obj (.text:__mspabi_divd)
                  0000cde0    000000ce     main.obj (.text:timer)
                  0000ceae    0000008a     rts430_eabi.lib : fltuld.c.obj (.text:__mspabi_fltuld)
                  0000cf38    0000007c                     : copy_decompress_lzss.c.obj (.text:decompress:lzss:__TI_decompress_lzss)
                  0000cfb4    00000074                     : fixdul.c.obj (.text:__mspabi_fixdul)
                  0000d028    0000005c                     : lsr32.asm.obj (.text:l_lsr_const)
                  0000d084    0000004c                     : lsr16.asm.obj (.text)
                  0000d0d0    0000004a                     : asr64.c.obj (.text:__mspabi_srall)
                  0000d11a    00000044                     : lsl64.c.obj (.text:__mspabi_sllll)
                  0000d15e    00000042                     : autoinit.c.obj (.text:__TI_auto_init_nobinit_nopinit:__TI_auto_init_nobinit_nopinit)
                  0000d1a0    0000003e                     : asr32.asm.obj (.text:l_asr_const)
                  0000d1de    0000003e                     : lsl32.asm.obj (.text:l_lsl_const)
                  0000d21c    0000002c                     : asr16.asm.obj (.text)
                  0000d248    0000002c                     : lsl16.asm.obj (.text)
                  0000d274    00000026                     : mult32.asm.obj (.text)
                  0000d29a    0000001c                     : boot.c.obj (.text:_c_int00_noargs)
                  0000d2b6    0000001a     main.obj (.text:configure_timer)
                  0000d2d0    00000016     main.obj (.text:main)
                  0000d2e6    00000016     rts430_eabi.lib : div16u.asm.obj (.text)
                  0000d2fc    00000014     main.obj (.text:configure_clock)
                  0000d310    00000014     rts430_eabi.lib : mult16.asm.obj (.text)
                  0000d324    00000012                     : fixdu.c.obj (.text:__mspabi_fixdu)
                  0000d336    00000012                     : copy_decompress_none.c.obj (.text:decompress:none:__TI_decompress_none)
                  0000d348    00000012                     : lsr32.asm.obj (.text:l_lsr)
                  0000d35a    00000012                     : memcpy.c.obj (.text:memcpy)
                  0000d36c    00000010                     : epilog.asm.obj (.text)
                  0000d37c    0000000e     main.obj (.text:configure_pins)
                  0000d38a    00000008     rts430_eabi.lib : isr_trap.asm.obj (.text:_isr:__TI_ISR_TRAP)
                  0000d392    00000006                     : fltud.c.obj (.text:__mspabi_fltud)
                  0000d398    00000006                     : exit.c.obj (.text:abort)
                  0000d39e    00000004                     : pre_init.c.obj (.text:_system_pre_init)
                  0000d3a2    00000002                     : startup.c.obj (.text:_system_post_cinit)

.cinit     0    0000d3a4    00000010     
                  0000d3a4    00000007     (.cinit..data.load) [load image, compression = lzss]
                  0000d3ab    00000001     --HOLE-- [fill = 0]
                  0000d3ac    00000004     (__TI_handler_table)
                  0000d3b0    00000004     (__TI_cinit_table)

.binit     0    0000c000    00000000     

.init_array 
*          0    0000c000    00000000     UNINITIALIZED

TRAPINT    0    0000ffe0    00000002     
                  0000ffe0    00000002     rts430_eabi.lib : int00.asm.obj (.int00)

PORT1      0    0000ffe4    00000002     
                  0000ffe4    00000002     rts430_eabi.lib : int02.asm.obj (.int02)

PORT2      0    0000ffe6    00000002     
                  0000ffe6    00000002     rts430_eabi.lib : int03.asm.obj (.int03)

ADC10      0    0000ffea    00000002     
                  0000ffea    00000002     rts430_eabi.lib : int05.asm.obj (.int05)

USCIAB0TX 
*          0    0000ffec    00000002     
                  0000ffec    00000002     rts430_eabi.lib : int06.asm.obj (.int06)

USCIAB0RX 
*          0    0000ffee    00000002     
                  0000ffee    00000002     rts430_eabi.lib : int07.asm.obj (.int07)

TIMER0_A1 
*          0    0000fff0    00000002     
                  0000fff0    00000002     main.obj (.int08)

TIMER0_A0 
*          0    0000fff2    00000002     
                  0000fff2    00000002     rts430_eabi.lib : int09.asm.obj (.int09)

WDT        0    0000fff4    00000002     
                  0000fff4    00000002     rts430_eabi.lib : int10.asm.obj (.int10)

COMPARATORA 
*          0    0000fff6    00000002     
                  0000fff6    00000002     rts430_eabi.lib : int11.asm.obj (.int11)

TIMER1_A1 
*          0    0000fff8    00000002     
                  0000fff8    00000002     rts430_eabi.lib : int12.asm.obj (.int12)

TIMER1_A0 
*          0    0000fffa    00000002     
                  0000fffa    00000002     rts430_eabi.lib : int13.asm.obj (.int13)

NMI        0    0000fffc    00000002     
                  0000fffc    00000002     rts430_eabi.lib : int14.asm.obj (.int14)

.reset     0    0000fffe    00000002     
                  0000fffe    00000002     rts430_eabi.lib : boot.c.obj (.reset)

$fill000   0    0000ffde    00000002     
                  0000ffde    00000002     --HOLE-- [fill = ffff]

MODULE SUMMARY

       Module                       code   ro data   rw data
       ------                       ----   -------   -------
    .\
       main.obj                     288    2         4      
    +--+----------------------------+------+---------+---------+
       Total:                       288    2         4      
                                                            
    D:\programHDD\TI\ccs1220\ccs\tools\compiler\ti-cgt-msp430_21.6.1.LTS\lib\rts430_eabi.lib
       addd.c.obj                   1846   0         0      
       frcdivd.c.obj                1144   0         0      
       divd.c.obj                   562    0         0      
       fltuld.c.obj                 138    0         0      
       copy_decompress_lzss.c.obj   124    0         0      
       fixdul.c.obj                 116    0         0      
       lsr32.asm.obj                110    0         0      
       lsr16.asm.obj                76     0         0      
       asr64.c.obj                  74     0         0      
       lsl64.c.obj                  68     0         0      
       autoinit.c.obj               66     0         0      
       asr32.asm.obj                62     0         0      
       lsl32.asm.obj                62     0         0      
       asr16.asm.obj                44     0         0      
       lsl16.asm.obj                44     0         0      
       mult32.asm.obj               38     0         0      
       boot.c.obj                   28     2         0      
       div16u.asm.obj               22     0         0      
       mult16.asm.obj               20     0         0      
       copy_decompress_none.c.obj   18     0         0      
       fixdu.c.obj                  18     0         0      
       memcpy.c.obj                 18     0         0      
       epilog.asm.obj               16     0         0      
       isr_trap.asm.obj             8      0         0      
       exit.c.obj                   6      0         0      
       fltud.c.obj                  6      0         0      
       pre_init.c.obj               4      0         0      
       int00.asm.obj                0      2         0      
       int02.asm.obj                0      2         0      
       int03.asm.obj                0      2         0      
       int05.asm.obj                0      2         0      
       int06.asm.obj                0      2         0      
       int07.asm.obj                0      2         0      
       int09.asm.obj                0      2         0      
       int10.asm.obj                0      2         0      
       int11.asm.obj                0      2         0      
       int12.asm.obj                0      2         0      
       int13.asm.obj                0      2         0      
       int14.asm.obj                0      2         0      
       startup.c.obj                2      0         0      
    +--+----------------------------+------+---------+---------+
       Total:                       4740   26        0      
                                                            
       Stack:                       0      0         80     
       Linker Generated:            0      15        0      
    +--+----------------------------+------+---------+---------+
       Grand Total:                 5028   43        84     


LINKER GENERATED COPY TABLES

__TI_cinit_table @ 0000d3b0 records: 1, size/record: 4, table size: 4
	.data: load addr=0000d3a4, load size=00000007 bytes, run addr=00000200, run size=00000004 bytes, compression=lzss


LINKER GENERATED HANDLER TABLE

__TI_handler_table @ 0000d3ac records: 2, size/record: 2, table size: 4
	index: 0, handler: __TI_decompress_lzss
	index: 1, handler: __TI_decompress_none


GLOBAL SYMBOLS: SORTED ALPHABETICALLY BY Name 

address   name                          
-------   ----                          
0000004a  ADC10AE0                      
000001b0  ADC10CTL0                     
000001b2  ADC10CTL1                     
00000048  ADC10DTC0                     
00000049  ADC10DTC1                     
000001b4  ADC10MEM                      
000001bc  ADC10SA                       
00000057  BCSCTL1                       
00000058  BCSCTL2                       
00000053  BCSCTL3                       
0000d398  C$$EXIT                       
00000059  CACTL1                        
0000005a  CACTL2                        
000010fb  CALBC1_12MHZ                  
000010f9  CALBC1_16MHZ                  
000010ff  CALBC1_1MHZ                   
000010fd  CALBC1_8MHZ                   
000010fa  CALDCO_12MHZ                  
000010f8  CALDCO_16MHZ                  
000010fe  CALDCO_1MHZ                   
000010fc  CALDCO_8MHZ                   
0000005b  CAPD                          
00000056  DCOCTL                        
00000128  FCTL1                         
0000012a  FCTL2                         
0000012c  FCTL3                         
00000000  IE1                           
00000001  IE2                           
00000002  IFG1                          
00000003  IFG2                          
00000022  P1DIR                         
00000025  P1IE                          
00000024  P1IES                         
00000023  P1IFG                         
00000020  P1IN                          
00000021  P1OUT                         
00000027  P1REN                         
00000026  P1SEL                         
00000041  P1SEL2                        
0000002a  P2DIR                         
0000002d  P2IE                          
0000002c  P2IES                         
0000002b  P2IFG                         
00000028  P2IN                          
00000029  P2OUT                         
0000002f  P2REN                         
0000002e  P2SEL                         
00000042  P2SEL2                        
0000001a  P3DIR                         
00000018  P3IN                          
00000019  P3OUT                         
00000010  P3REN                         
0000001b  P3SEL                         
00000043  P3SEL2                        
00000172  TA0CCR0                       
00000174  TA0CCR1                       
00000176  TA0CCR2                       
00000162  TA0CCTL0                      
00000164  TA0CCTL1                      
00000166  TA0CCTL2                      
00000160  TA0CTL                        
0000012e  TA0IV                         
00000170  TA0R                          
00000192  TA1CCR0                       
00000194  TA1CCR1                       
00000196  TA1CCR2                       
00000182  TA1CCTL0                      
00000184  TA1CCTL1                      
00000186  TA1CCTL2                      
00000180  TA1CTL                        
0000011e  TA1IV                         
00000190  TA1R                          
000010db  TLV_ADC10_1_LEN               
000010da  TLV_ADC10_1_TAG               
000010c0  TLV_CHECKSUM                  
000010f7  TLV_DCO_30_LEN                
000010f6  TLV_DCO_30_TAG                
0000005d  UCA0ABCTL                     
00000062  UCA0BR0                       
00000063  UCA0BR1                       
00000060  UCA0CTL0                      
00000061  UCA0CTL1                      
0000005f  UCA0IRRCTL                    
0000005e  UCA0IRTCTL                    
00000064  UCA0MCTL                      
00000066  UCA0RXBUF                     
00000065  UCA0STAT                      
00000067  UCA0TXBUF                     
0000006a  UCB0BR0                       
0000006b  UCB0BR1                       
00000068  UCB0CTL0                      
00000069  UCB0CTL1                      
0000006c  UCB0I2CIE                     
00000118  UCB0I2COA                     
0000011a  UCB0I2CSA                     
0000006e  UCB0RXBUF                     
0000006d  UCB0STAT                      
0000006f  UCB0TXBUF                     
00000120  WDTCTL                        
00000400  __STACK_END                   
00000050  __STACK_SIZE                  
0000d3b0  __TI_CINIT_Base               
0000d3b4  __TI_CINIT_Limit              
0000d3b4  __TI_CINIT_Warm               
0000d3ac  __TI_Handler_Table_Base       
0000d3b0  __TI_Handler_Table_Limit      
0000d38a  __TI_ISR_TRAP                 
0000d15e  __TI_auto_init_nobinit_nopinit
0000cf38  __TI_decompress_lzss          
0000d336  __TI_decompress_none          
0000c736  __TI_frcdivd                  
0000ffe0  __TI_int00                    
0000ffe4  __TI_int02                    
0000ffe6  __TI_int03                    
0000ffea  __TI_int05                    
0000ffec  __TI_int06                    
0000ffee  __TI_int07                    
0000fff0  __TI_int08                    
0000fff2  __TI_int09                    
0000fff4  __TI_int10                    
0000fff6  __TI_int11                    
0000fff8  __TI_int12                    
0000fffa  __TI_int13                    
0000fffc  __TI_int14                    
ffffffff  __TI_pprof_out_hndl           
ffffffff  __TI_prof_data_size           
ffffffff  __TI_prof_data_start          
ffffffff  __c_args__                    
0000c000  __mspabi_addd                 
0000cbae  __mspabi_divd                 
0000d2e6  __mspabi_divu                 
0000d324  __mspabi_fixdu                
0000cfb4  __mspabi_fixdul               
0000d392  __mspabi_fltud                
0000ceae  __mspabi_fltuld               
0000d378  __mspabi_func_epilog_1        
0000d376  __mspabi_func_epilog_2        
0000d374  __mspabi_func_epilog_3        
0000d372  __mspabi_func_epilog_4        
0000d370  __mspabi_func_epilog_5        
0000d36e  __mspabi_func_epilog_6        
0000d36c  __mspabi_func_epilog_7        
0000d310  __mspabi_mpyi                 
0000d310  __mspabi_mpyi_sw              
0000d274  __mspabi_mpyl                 
0000d274  __mspabi_mpyl_sw              
0000d2e6  __mspabi_remu                 
0000d248  __mspabi_slli                 
0000d270  __mspabi_slli_1               
0000d25e  __mspabi_slli_10              
0000d25c  __mspabi_slli_11              
0000d25a  __mspabi_slli_12              
0000d258  __mspabi_slli_13              
0000d256  __mspabi_slli_14              
0000d254  __mspabi_slli_15              
0000d26e  __mspabi_slli_2               
0000d26c  __mspabi_slli_3               
0000d26a  __mspabi_slli_4               
0000d268  __mspabi_slli_5               
0000d266  __mspabi_slli_6               
0000d264  __mspabi_slli_7               
0000d262  __mspabi_slli_8               
0000d260  __mspabi_slli_9               
0000d216  __mspabi_slll_1               
0000d1f2  __mspabi_slll_10              
0000d1ee  __mspabi_slll_11              
0000d1ea  __mspabi_slll_12              
0000d1e6  __mspabi_slll_13              
0000d1e2  __mspabi_slll_14              
0000d1de  __mspabi_slll_15              
0000d212  __mspabi_slll_2               
0000d20e  __mspabi_slll_3               
0000d20a  __mspabi_slll_4               
0000d206  __mspabi_slll_5               
0000d202  __mspabi_slll_6               
0000d1fe  __mspabi_slll_7               
0000d1fa  __mspabi_slll_8               
0000d1f6  __mspabi_slll_9               
0000d11a  __mspabi_sllll                
0000d21c  __mspabi_srai                 
0000d244  __mspabi_srai_1               
0000d232  __mspabi_srai_10              
0000d230  __mspabi_srai_11              
0000d22e  __mspabi_srai_12              
0000d22c  __mspabi_srai_13              
0000d22a  __mspabi_srai_14              
0000d228  __mspabi_srai_15              
0000d242  __mspabi_srai_2               
0000d240  __mspabi_srai_3               
0000d23e  __mspabi_srai_4               
0000d23c  __mspabi_srai_5               
0000d23a  __mspabi_srai_6               
0000d238  __mspabi_srai_7               
0000d236  __mspabi_srai_8               
0000d234  __mspabi_srai_9               
0000d1d8  __mspabi_sral_1               
0000d1b4  __mspabi_sral_10              
0000d1b0  __mspabi_sral_11              
0000d1ac  __mspabi_sral_12              
0000d1a8  __mspabi_sral_13              
0000d1a4  __mspabi_sral_14              
0000d1a0  __mspabi_sral_15              
0000d1d4  __mspabi_sral_2               
0000d1d0  __mspabi_sral_3               
0000d1cc  __mspabi_sral_4               
0000d1c8  __mspabi_sral_5               
0000d1c4  __mspabi_sral_6               
0000d1c0  __mspabi_sral_7               
0000d1bc  __mspabi_sral_8               
0000d1b8  __mspabi_sral_9               
0000d0d0  __mspabi_srall                
0000d084  __mspabi_srli                 
0000d0ca  __mspabi_srli_1               
0000d0a6  __mspabi_srli_10              
0000d0a2  __mspabi_srli_11              
0000d09e  __mspabi_srli_12              
0000d09a  __mspabi_srli_13              
0000d096  __mspabi_srli_14              
0000d092  __mspabi_srli_15              
0000d0c6  __mspabi_srli_2               
0000d0c2  __mspabi_srli_3               
0000d0be  __mspabi_srli_4               
0000d0ba  __mspabi_srli_5               
0000d0b6  __mspabi_srli_6               
0000d0b2  __mspabi_srli_7               
0000d0ae  __mspabi_srli_8               
0000d0aa  __mspabi_srli_9               
0000d348  __mspabi_srll                 
0000d07c  __mspabi_srll_1               
0000d046  __mspabi_srll_10              
0000d040  __mspabi_srll_11              
0000d03a  __mspabi_srll_12              
0000d034  __mspabi_srll_13              
0000d02e  __mspabi_srll_14              
0000d028  __mspabi_srll_15              
0000d076  __mspabi_srll_2               
0000d070  __mspabi_srll_3               
0000d06a  __mspabi_srll_4               
0000d064  __mspabi_srll_5               
0000d05e  __mspabi_srll_6               
0000d058  __mspabi_srll_7               
0000d052  __mspabi_srll_8               
0000d04c  __mspabi_srll_9               
0000d29a  _c_int00_noargs               
0000fffe  _reset_vector                 
000003b0  _stack                        
0000d3a2  _system_post_cinit            
0000d39e  _system_pre_init              
0000d398  abort                         
0000d2fc  configure_clock               
0000d37c  configure_pins                
0000d2b6  configure_timer               
00000200  g_duty                        
00000202  g_period_count                
0000d2d0  main                          
0000d35a  memcpy                        
0000cde0  timer                         


GLOBAL SYMBOLS: SORTED BY Symbol Address 

address   name                          
-------   ----                          
00000000  IE1                           
00000001  IE2                           
00000002  IFG1                          
00000003  IFG2                          
00000010  P3REN                         
00000018  P3IN                          
00000019  P3OUT                         
0000001a  P3DIR                         
0000001b  P3SEL                         
00000020  P1IN                          
00000021  P1OUT                         
00000022  P1DIR                         
00000023  P1IFG                         
00000024  P1IES                         
00000025  P1IE                          
00000026  P1SEL                         
00000027  P1REN                         
00000028  P2IN                          
00000029  P2OUT                         
0000002a  P2DIR                         
0000002b  P2IFG                         
0000002c  P2IES                         
0000002d  P2IE                          
0000002e  P2SEL                         
0000002f  P2REN                         
00000041  P1SEL2                        
00000042  P2SEL2                        
00000043  P3SEL2                        
00000048  ADC10DTC0                     
00000049  ADC10DTC1                     
0000004a  ADC10AE0                      
00000050  __STACK_SIZE                  
00000053  BCSCTL3                       
00000056  DCOCTL                        
00000057  BCSCTL1                       
00000058  BCSCTL2                       
00000059  CACTL1                        
0000005a  CACTL2                        
0000005b  CAPD                          
0000005d  UCA0ABCTL                     
0000005e  UCA0IRTCTL                    
0000005f  UCA0IRRCTL                    
00000060  UCA0CTL0                      
00000061  UCA0CTL1                      
00000062  UCA0BR0                       
00000063  UCA0BR1                       
00000064  UCA0MCTL                      
00000065  UCA0STAT                      
00000066  UCA0RXBUF                     
00000067  UCA0TXBUF                     
00000068  UCB0CTL0                      
00000069  UCB0CTL1                      
0000006a  UCB0BR0                       
0000006b  UCB0BR1                       
0000006c  UCB0I2CIE                     
0000006d  UCB0STAT                      
0000006e  UCB0RXBUF                     
0000006f  UCB0TXBUF                     
00000118  UCB0I2COA                     
0000011a  UCB0I2CSA                     
0000011e  TA1IV                         
00000120  WDTCTL                        
00000128  FCTL1                         
0000012a  FCTL2                         
0000012c  FCTL3                         
0000012e  TA0IV                         
00000160  TA0CTL                        
00000162  TA0CCTL0                      
00000164  TA0CCTL1                      
00000166  TA0CCTL2                      
00000170  TA0R                          
00000172  TA0CCR0                       
00000174  TA0CCR1                       
00000176  TA0CCR2                       
00000180  TA1CTL                        
00000182  TA1CCTL0                      
00000184  TA1CCTL1                      
00000186  TA1CCTL2                      
00000190  TA1R                          
00000192  TA1CCR0                       
00000194  TA1CCR1                       
00000196  TA1CCR2                       
000001b0  ADC10CTL0                     
000001b2  ADC10CTL1                     
000001b4  ADC10MEM                      
000001bc  ADC10SA                       
00000200  g_duty                        
00000202  g_period_count                
000003b0  _stack                        
00000400  __STACK_END                   
000010c0  TLV_CHECKSUM                  
000010da  TLV_ADC10_1_TAG               
000010db  TLV_ADC10_1_LEN               
000010f6  TLV_DCO_30_TAG                
000010f7  TLV_DCO_30_LEN                
000010f8  CALDCO_16MHZ                  
000010f9  CALBC1_16MHZ                  
000010fa  CALDCO_12MHZ                  
000010fb  CALBC1_12MHZ                  
000010fc  CALDCO_8MHZ                   
000010fd  CALBC1_8MHZ                   
000010fe  CALDCO_1MHZ                   
000010ff  CALBC1_1MHZ                   
0000c000  __mspabi_addd                 
0000c736  __TI_frcdivd                  
0000cbae  __mspabi_divd                 
0000cde0  timer                         
0000ceae  __mspabi_fltuld               
0000cf38  __TI_decompress_lzss          
0000cfb4  __mspabi_fixdul               
0000d028  __mspabi_srll_15              
0000d02e  __mspabi_srll_14              
0000d034  __mspabi_srll_13              
0000d03a  __mspabi_srll_12              
0000d040  __mspabi_srll_11              
0000d046  __mspabi_srll_10              
0000d04c  __mspabi_srll_9               
0000d052  __mspabi_srll_8               
0000d058  __mspabi_srll_7               
0000d05e  __mspabi_srll_6               
0000d064  __mspabi_srll_5               
0000d06a  __mspabi_srll_4               
0000d070  __mspabi_srll_3               
0000d076  __mspabi_srll_2               
0000d07c  __mspabi_srll_1               
0000d084  __mspabi_srli                 
0000d092  __mspabi_srli_15              
0000d096  __mspabi_srli_14              
0000d09a  __mspabi_srli_13              
0000d09e  __mspabi_srli_12              
0000d0a2  __mspabi_srli_11              
0000d0a6  __mspabi_srli_10              
0000d0aa  __mspabi_srli_9               
0000d0ae  __mspabi_srli_8               
0000d0b2  __mspabi_srli_7               
0000d0b6  __mspabi_srli_6               
0000d0ba  __mspabi_srli_5               
0000d0be  __mspabi_srli_4               
0000d0c2  __mspabi_srli_3               
0000d0c6  __mspabi_srli_2               
0000d0ca  __mspabi_srli_1               
0000d0d0  __mspabi_srall                
0000d11a  __mspabi_sllll                
0000d15e  __TI_auto_init_nobinit_nopinit
0000d1a0  __mspabi_sral_15              
0000d1a4  __mspabi_sral_14              
0000d1a8  __mspabi_sral_13              
0000d1ac  __mspabi_sral_12              
0000d1b0  __mspabi_sral_11              
0000d1b4  __mspabi_sral_10              
0000d1b8  __mspabi_sral_9               
0000d1bc  __mspabi_sral_8               
0000d1c0  __mspabi_sral_7               
0000d1c4  __mspabi_sral_6               
0000d1c8  __mspabi_sral_5               
0000d1cc  __mspabi_sral_4               
0000d1d0  __mspabi_sral_3               
0000d1d4  __mspabi_sral_2               
0000d1d8  __mspabi_sral_1               
0000d1de  __mspabi_slll_15              
0000d1e2  __mspabi_slll_14              
0000d1e6  __mspabi_slll_13              
0000d1ea  __mspabi_slll_12              
0000d1ee  __mspabi_slll_11              
0000d1f2  __mspabi_slll_10              
0000d1f6  __mspabi_slll_9               
0000d1fa  __mspabi_slll_8               
0000d1fe  __mspabi_slll_7               
0000d202  __mspabi_slll_6               
0000d206  __mspabi_slll_5               
0000d20a  __mspabi_slll_4               
0000d20e  __mspabi_slll_3               
0000d212  __mspabi_slll_2               
0000d216  __mspabi_slll_1               
0000d21c  __mspabi_srai                 
0000d228  __mspabi_srai_15              
0000d22a  __mspabi_srai_14              
0000d22c  __mspabi_srai_13              
0000d22e  __mspabi_srai_12              
0000d230  __mspabi_srai_11              
0000d232  __mspabi_srai_10              
0000d234  __mspabi_srai_9               
0000d236  __mspabi_srai_8               
0000d238  __mspabi_srai_7               
0000d23a  __mspabi_srai_6               
0000d23c  __mspabi_srai_5               
0000d23e  __mspabi_srai_4               
0000d240  __mspabi_srai_3               
0000d242  __mspabi_srai_2               
0000d244  __mspabi_srai_1               
0000d248  __mspabi_slli                 
0000d254  __mspabi_slli_15              
0000d256  __mspabi_slli_14              
0000d258  __mspabi_slli_13              
0000d25a  __mspabi_slli_12              
0000d25c  __mspabi_slli_11              
0000d25e  __mspabi_slli_10              
0000d260  __mspabi_slli_9               
0000d262  __mspabi_slli_8               
0000d264  __mspabi_slli_7               
0000d266  __mspabi_slli_6               
0000d268  __mspabi_slli_5               
0000d26a  __mspabi_slli_4               
0000d26c  __mspabi_slli_3               
0000d26e  __mspabi_slli_2               
0000d270  __mspabi_slli_1               
0000d274  __mspabi_mpyl                 
0000d274  __mspabi_mpyl_sw              
0000d29a  _c_int00_noargs               
0000d2b6  configure_timer               
0000d2d0  main                          
0000d2e6  __mspabi_divu                 
0000d2e6  __mspabi_remu                 
0000d2fc  configure_clock               
0000d310  __mspabi_mpyi                 
0000d310  __mspabi_mpyi_sw              
0000d324  __mspabi_fixdu                
0000d336  __TI_decompress_none          
0000d348  __mspabi_srll                 
0000d35a  memcpy                        
0000d36c  __mspabi_func_epilog_7        
0000d36e  __mspabi_func_epilog_6        
0000d370  __mspabi_func_epilog_5        
0000d372  __mspabi_func_epilog_4        
0000d374  __mspabi_func_epilog_3        
0000d376  __mspabi_func_epilog_2        
0000d378  __mspabi_func_epilog_1        
0000d37c  configure_pins                
0000d38a  __TI_ISR_TRAP                 
0000d392  __mspabi_fltud                
0000d398  C$$EXIT                       
0000d398  abort                         
0000d39e  _system_pre_init              
0000d3a2  _system_post_cinit            
0000d3ac  __TI_Handler_Table_Base       
0000d3b0  __TI_CINIT_Base               
0000d3b0  __TI_Handler_Table_Limit      
0000d3b4  __TI_CINIT_Limit              
0000d3b4  __TI_CINIT_Warm               
0000ffe0  __TI_int00                    
0000ffe4  __TI_int02                    
0000ffe6  __TI_int03                    
0000ffea  __TI_int05                    
0000ffec  __TI_int06                    
0000ffee  __TI_int07                    
0000fff0  __TI_int08                    
0000fff2  __TI_int09                    
0000fff4  __TI_int10                    
0000fff6  __TI_int11                    
0000fff8  __TI_int12                    
0000fffa  __TI_int13                    
0000fffc  __TI_int14                    
0000fffe  _reset_vector                 
ffffffff  __TI_pprof_out_hndl           
ffffffff  __TI_prof_data_size           
ffffffff  __TI_prof_data_start          
ffffffff  __c_args__                    

[257 symbols]
