<?xml version="1.0" encoding="ISO-8859-1" ?>
<link_info>
   <banner>MSP430 Linker PC v21.6.1.LTS</banner>
   <copyright>Copyright (c) 2003-2018 Texas Instruments Incorporated</copyright>
   <link_time>0x64384bf8</link_time>
   <link_errors>0x0</link_errors>
   <output_file>EED3018_lab5.out</output_file>
   <entry_point>
      <name>_c_int00_noargs</name>
      <address>0xd29a</address>
   </entry_point>
   <input_file_list>
      <input_file id="fl-2">
         <path>.\</path>
         <kind>object</kind>
         <file>main.obj</file>
         <name>main.obj</name>
      </input_file>
      <input_file id="fl-7">
         <kind>object</kind>
         <file>&lt;internal&gt;</file>
         <name>&lt;internal&gt;</name>
      </input_file>
      <input_file id="fl-1d">
         <path>D:\programHDD\TI\ccs1220\ccs\tools\compiler\ti-cgt-msp430_21.6.1.LTS\lib\</path>
         <kind>archive</kind>
         <file>rts430_eabi.lib</file>
         <name>div16u.asm.obj</name>
      </input_file>
      <input_file id="fl-1e">
         <path>D:\programHDD\TI\ccs1220\ccs\tools\compiler\ti-cgt-msp430_21.6.1.LTS\lib\</path>
         <kind>archive</kind>
         <file>rts430_eabi.lib</file>
         <name>int00.asm.obj</name>
      </input_file>
      <input_file id="fl-1f">
         <path>D:\programHDD\TI\ccs1220\ccs\tools\compiler\ti-cgt-msp430_21.6.1.LTS\lib\</path>
         <kind>archive</kind>
         <file>rts430_eabi.lib</file>
         <name>int02.asm.obj</name>
      </input_file>
      <input_file id="fl-20">
         <path>D:\programHDD\TI\ccs1220\ccs\tools\compiler\ti-cgt-msp430_21.6.1.LTS\lib\</path>
         <kind>archive</kind>
         <file>rts430_eabi.lib</file>
         <name>int03.asm.obj</name>
      </input_file>
      <input_file id="fl-21">
         <path>D:\programHDD\TI\ccs1220\ccs\tools\compiler\ti-cgt-msp430_21.6.1.LTS\lib\</path>
         <kind>archive</kind>
         <file>rts430_eabi.lib</file>
         <name>int05.asm.obj</name>
      </input_file>
      <input_file id="fl-22">
         <path>D:\programHDD\TI\ccs1220\ccs\tools\compiler\ti-cgt-msp430_21.6.1.LTS\lib\</path>
         <kind>archive</kind>
         <file>rts430_eabi.lib</file>
         <name>int06.asm.obj</name>
      </input_file>
      <input_file id="fl-23">
         <path>D:\programHDD\TI\ccs1220\ccs\tools\compiler\ti-cgt-msp430_21.6.1.LTS\lib\</path>
         <kind>archive</kind>
         <file>rts430_eabi.lib</file>
         <name>int07.asm.obj</name>
      </input_file>
      <input_file id="fl-24">
         <path>D:\programHDD\TI\ccs1220\ccs\tools\compiler\ti-cgt-msp430_21.6.1.LTS\lib\</path>
         <kind>archive</kind>
         <file>rts430_eabi.lib</file>
         <name>int09.asm.obj</name>
      </input_file>
      <input_file id="fl-25">
         <path>D:\programHDD\TI\ccs1220\ccs\tools\compiler\ti-cgt-msp430_21.6.1.LTS\lib\</path>
         <kind>archive</kind>
         <file>rts430_eabi.lib</file>
         <name>int10.asm.obj</name>
      </input_file>
      <input_file id="fl-26">
         <path>D:\programHDD\TI\ccs1220\ccs\tools\compiler\ti-cgt-msp430_21.6.1.LTS\lib\</path>
         <kind>archive</kind>
         <file>rts430_eabi.lib</file>
         <name>int11.asm.obj</name>
      </input_file>
      <input_file id="fl-27">
         <path>D:\programHDD\TI\ccs1220\ccs\tools\compiler\ti-cgt-msp430_21.6.1.LTS\lib\</path>
         <kind>archive</kind>
         <file>rts430_eabi.lib</file>
         <name>int12.asm.obj</name>
      </input_file>
      <input_file id="fl-28">
         <path>D:\programHDD\TI\ccs1220\ccs\tools\compiler\ti-cgt-msp430_21.6.1.LTS\lib\</path>
         <kind>archive</kind>
         <file>rts430_eabi.lib</file>
         <name>int13.asm.obj</name>
      </input_file>
      <input_file id="fl-29">
         <path>D:\programHDD\TI\ccs1220\ccs\tools\compiler\ti-cgt-msp430_21.6.1.LTS\lib\</path>
         <kind>archive</kind>
         <file>rts430_eabi.lib</file>
         <name>int14.asm.obj</name>
      </input_file>
      <input_file id="fl-2a">
         <path>D:\programHDD\TI\ccs1220\ccs\tools\compiler\ti-cgt-msp430_21.6.1.LTS\lib\</path>
         <kind>archive</kind>
         <file>rts430_eabi.lib</file>
         <name>isr_trap.asm.obj</name>
      </input_file>
      <input_file id="fl-2b">
         <path>D:\programHDD\TI\ccs1220\ccs\tools\compiler\ti-cgt-msp430_21.6.1.LTS\lib\</path>
         <kind>archive</kind>
         <file>rts430_eabi.lib</file>
         <name>boot.c.obj</name>
      </input_file>
      <input_file id="fl-2c">
         <path>D:\programHDD\TI\ccs1220\ccs\tools\compiler\ti-cgt-msp430_21.6.1.LTS\lib\</path>
         <kind>archive</kind>
         <file>rts430_eabi.lib</file>
         <name>autoinit.c.obj</name>
      </input_file>
      <input_file id="fl-2d">
         <path>D:\programHDD\TI\ccs1220\ccs\tools\compiler\ti-cgt-msp430_21.6.1.LTS\lib\</path>
         <kind>archive</kind>
         <file>rts430_eabi.lib</file>
         <name>copy_zero_init.c.obj</name>
      </input_file>
      <input_file id="fl-2e">
         <path>D:\programHDD\TI\ccs1220\ccs\tools\compiler\ti-cgt-msp430_21.6.1.LTS\lib\</path>
         <kind>archive</kind>
         <file>rts430_eabi.lib</file>
         <name>cpy_tbl.c.obj</name>
      </input_file>
      <input_file id="fl-2f">
         <path>D:\programHDD\TI\ccs1220\ccs\tools\compiler\ti-cgt-msp430_21.6.1.LTS\lib\</path>
         <kind>archive</kind>
         <file>rts430_eabi.lib</file>
         <name>mpu_init.c.obj</name>
      </input_file>
      <input_file id="fl-30">
         <path>D:\programHDD\TI\ccs1220\ccs\tools\compiler\ti-cgt-msp430_21.6.1.LTS\lib\</path>
         <kind>archive</kind>
         <file>rts430_eabi.lib</file>
         <name>pre_init.c.obj</name>
      </input_file>
      <input_file id="fl-31">
         <path>D:\programHDD\TI\ccs1220\ccs\tools\compiler\ti-cgt-msp430_21.6.1.LTS\lib\</path>
         <kind>archive</kind>
         <file>rts430_eabi.lib</file>
         <name>startup.c.obj</name>
      </input_file>
      <input_file id="fl-32">
         <path>D:\programHDD\TI\ccs1220\ccs\tools\compiler\ti-cgt-msp430_21.6.1.LTS\lib\</path>
         <kind>archive</kind>
         <file>rts430_eabi.lib</file>
         <name>copy_decompress_none.c.obj</name>
      </input_file>
      <input_file id="fl-33">
         <path>D:\programHDD\TI\ccs1220\ccs\tools\compiler\ti-cgt-msp430_21.6.1.LTS\lib\</path>
         <kind>archive</kind>
         <file>rts430_eabi.lib</file>
         <name>copy_decompress_lzss.c.obj</name>
      </input_file>
      <input_file id="fl-34">
         <path>D:\programHDD\TI\ccs1220\ccs\tools\compiler\ti-cgt-msp430_21.6.1.LTS\lib\</path>
         <kind>archive</kind>
         <file>rts430_eabi.lib</file>
         <name>addd.c.obj</name>
      </input_file>
      <input_file id="fl-35">
         <path>D:\programHDD\TI\ccs1220\ccs\tools\compiler\ti-cgt-msp430_21.6.1.LTS\lib\</path>
         <kind>archive</kind>
         <file>rts430_eabi.lib</file>
         <name>divd.c.obj</name>
      </input_file>
      <input_file id="fl-36">
         <path>D:\programHDD\TI\ccs1220\ccs\tools\compiler\ti-cgt-msp430_21.6.1.LTS\lib\</path>
         <kind>archive</kind>
         <file>rts430_eabi.lib</file>
         <name>fixdu.c.obj</name>
      </input_file>
      <input_file id="fl-37">
         <path>D:\programHDD\TI\ccs1220\ccs\tools\compiler\ti-cgt-msp430_21.6.1.LTS\lib\</path>
         <kind>archive</kind>
         <file>rts430_eabi.lib</file>
         <name>fixdul.c.obj</name>
      </input_file>
      <input_file id="fl-38">
         <path>D:\programHDD\TI\ccs1220\ccs\tools\compiler\ti-cgt-msp430_21.6.1.LTS\lib\</path>
         <kind>archive</kind>
         <file>rts430_eabi.lib</file>
         <name>fltud.c.obj</name>
      </input_file>
      <input_file id="fl-39">
         <path>D:\programHDD\TI\ccs1220\ccs\tools\compiler\ti-cgt-msp430_21.6.1.LTS\lib\</path>
         <kind>archive</kind>
         <file>rts430_eabi.lib</file>
         <name>fltuld.c.obj</name>
      </input_file>
      <input_file id="fl-3a">
         <path>D:\programHDD\TI\ccs1220\ccs\tools\compiler\ti-cgt-msp430_21.6.1.LTS\lib\</path>
         <kind>archive</kind>
         <file>rts430_eabi.lib</file>
         <name>frcdivd.c.obj</name>
      </input_file>
      <input_file id="fl-3b">
         <path>D:\programHDD\TI\ccs1220\ccs\tools\compiler\ti-cgt-msp430_21.6.1.LTS\lib\</path>
         <kind>archive</kind>
         <file>rts430_eabi.lib</file>
         <name>exit.c.obj</name>
      </input_file>
      <input_file id="fl-3c">
         <path>D:\programHDD\TI\ccs1220\ccs\tools\compiler\ti-cgt-msp430_21.6.1.LTS\lib\</path>
         <kind>archive</kind>
         <file>rts430_eabi.lib</file>
         <name>_lock.c.obj</name>
      </input_file>
      <input_file id="fl-3d">
         <path>D:\programHDD\TI\ccs1220\ccs\tools\compiler\ti-cgt-msp430_21.6.1.LTS\lib\</path>
         <kind>archive</kind>
         <file>rts430_eabi.lib</file>
         <name>args_main.c.obj</name>
      </input_file>
      <input_file id="fl-3e">
         <path>D:\programHDD\TI\ccs1220\ccs\tools\compiler\ti-cgt-msp430_21.6.1.LTS\lib\</path>
         <kind>archive</kind>
         <file>rts430_eabi.lib</file>
         <name>memcpy.c.obj</name>
      </input_file>
      <input_file id="fl-3f">
         <path>D:\programHDD\TI\ccs1220\ccs\tools\compiler\ti-cgt-msp430_21.6.1.LTS\lib\</path>
         <kind>archive</kind>
         <file>rts430_eabi.lib</file>
         <name>asr16.asm.obj</name>
      </input_file>
      <input_file id="fl-40">
         <path>D:\programHDD\TI\ccs1220\ccs\tools\compiler\ti-cgt-msp430_21.6.1.LTS\lib\</path>
         <kind>archive</kind>
         <file>rts430_eabi.lib</file>
         <name>asr32.asm.obj</name>
      </input_file>
      <input_file id="fl-41">
         <path>D:\programHDD\TI\ccs1220\ccs\tools\compiler\ti-cgt-msp430_21.6.1.LTS\lib\</path>
         <kind>archive</kind>
         <file>rts430_eabi.lib</file>
         <name>epilog.asm.obj</name>
      </input_file>
      <input_file id="fl-42">
         <path>D:\programHDD\TI\ccs1220\ccs\tools\compiler\ti-cgt-msp430_21.6.1.LTS\lib\</path>
         <kind>archive</kind>
         <file>rts430_eabi.lib</file>
         <name>lsl16.asm.obj</name>
      </input_file>
      <input_file id="fl-43">
         <path>D:\programHDD\TI\ccs1220\ccs\tools\compiler\ti-cgt-msp430_21.6.1.LTS\lib\</path>
         <kind>archive</kind>
         <file>rts430_eabi.lib</file>
         <name>lsl32.asm.obj</name>
      </input_file>
      <input_file id="fl-44">
         <path>D:\programHDD\TI\ccs1220\ccs\tools\compiler\ti-cgt-msp430_21.6.1.LTS\lib\</path>
         <kind>archive</kind>
         <file>rts430_eabi.lib</file>
         <name>lsr16.asm.obj</name>
      </input_file>
      <input_file id="fl-45">
         <path>D:\programHDD\TI\ccs1220\ccs\tools\compiler\ti-cgt-msp430_21.6.1.LTS\lib\</path>
         <kind>archive</kind>
         <file>rts430_eabi.lib</file>
         <name>lsr32.asm.obj</name>
      </input_file>
      <input_file id="fl-46">
         <path>D:\programHDD\TI\ccs1220\ccs\tools\compiler\ti-cgt-msp430_21.6.1.LTS\lib\</path>
         <kind>archive</kind>
         <file>rts430_eabi.lib</file>
         <name>mult16.asm.obj</name>
      </input_file>
      <input_file id="fl-47">
         <path>D:\programHDD\TI\ccs1220\ccs\tools\compiler\ti-cgt-msp430_21.6.1.LTS\lib\</path>
         <kind>archive</kind>
         <file>rts430_eabi.lib</file>
         <name>mult32.asm.obj</name>
      </input_file>
      <input_file id="fl-48">
         <path>D:\programHDD\TI\ccs1220\ccs\tools\compiler\ti-cgt-msp430_21.6.1.LTS\lib\</path>
         <kind>archive</kind>
         <file>rts430_eabi.lib</file>
         <name>exit_gvars.c.obj</name>
      </input_file>
      <input_file id="fl-49">
         <path>D:\programHDD\TI\ccs1220\ccs\tools\compiler\ti-cgt-msp430_21.6.1.LTS\lib\</path>
         <kind>archive</kind>
         <file>rts430_eabi.lib</file>
         <name>asr64.c.obj</name>
      </input_file>
      <input_file id="fl-4a">
         <path>D:\programHDD\TI\ccs1220\ccs\tools\compiler\ti-cgt-msp430_21.6.1.LTS\lib\</path>
         <kind>archive</kind>
         <file>rts430_eabi.lib</file>
         <name>lsl64.c.obj</name>
      </input_file>
      <input_file id="fl-4b">
         <path>D:\programHDD\TI\ccs1220\ccs\tools\compiler\ti-cgt-msp430_21.6.1.LTS\lib\</path>
         <kind>archive</kind>
         <file>rts430_eabi.lib</file>
         <name>lsr64.c.obj</name>
      </input_file>
   </input_file_list>
   <object_component_list>
      <object_component id="oc-13d">
         <name>.data</name>
         <load_address>0x200</load_address>
         <run_address>0x200</run_address>
         <size>0x4</size>
         <input_file_ref idref="fl-2"/>
      </object_component>
      <object_component id="oc-b1">
         <name>.stack</name>
         <uninitialized>true</uninitialized>
         <run_address>0x3b0</run_address>
         <size>0x2</size>
         <input_file_ref idref="fl-2b"/>
      </object_component>
      <object_component id="oc-2f7">
         <name>.stack</name>
         <uninitialized>true</uninitialized>
         <run_address>0x3b0</run_address>
         <size>0x0</size>
      </object_component>
      <object_component id="oc-151">
         <name>.text:__mspabi_addd</name>
         <load_address>0xc000</load_address>
         <run_address>0xc000</run_address>
         <size>0x736</size>
         <input_file_ref idref="fl-34"/>
      </object_component>
      <object_component id="oc-19b">
         <name>.text:__TI_frcdivd</name>
         <load_address>0xc736</load_address>
         <run_address>0xc736</run_address>
         <size>0x478</size>
         <input_file_ref idref="fl-3a"/>
      </object_component>
      <object_component id="oc-14b">
         <name>.text:__mspabi_divd</name>
         <load_address>0xcbae</load_address>
         <run_address>0xcbae</run_address>
         <size>0x232</size>
         <input_file_ref idref="fl-35"/>
      </object_component>
      <object_component id="oc-e1">
         <name>.text:timer</name>
         <load_address>0xcde0</load_address>
         <run_address>0xcde0</run_address>
         <size>0xce</size>
         <input_file_ref idref="fl-2"/>
      </object_component>
      <object_component id="oc-194">
         <name>.text:__mspabi_fltuld</name>
         <load_address>0xceae</load_address>
         <run_address>0xceae</run_address>
         <size>0x8a</size>
         <input_file_ref idref="fl-39"/>
      </object_component>
      <object_component id="oc-34">
         <name>.text:decompress:lzss:__TI_decompress_lzss</name>
         <load_address>0xcf38</load_address>
         <run_address>0xcf38</run_address>
         <size>0x7c</size>
         <input_file_ref idref="fl-33"/>
      </object_component>
      <object_component id="oc-1b6">
         <name>.text:__mspabi_fixdul</name>
         <load_address>0xcfb4</load_address>
         <run_address>0xcfb4</run_address>
         <size>0x74</size>
         <input_file_ref idref="fl-37"/>
      </object_component>
      <object_component id="oc-217">
         <name>.text:l_lsr_const</name>
         <load_address>0xd028</load_address>
         <run_address>0xd028</run_address>
         <size>0x5c</size>
         <input_file_ref idref="fl-45"/>
      </object_component>
      <object_component id="oc-ba">
         <name>.text</name>
         <load_address>0xd084</load_address>
         <run_address>0xd084</run_address>
         <size>0x4c</size>
         <input_file_ref idref="fl-44"/>
      </object_component>
      <object_component id="oc-1a8">
         <name>.text:__mspabi_srall</name>
         <load_address>0xd0d0</load_address>
         <run_address>0xd0d0</run_address>
         <size>0x4a</size>
         <input_file_ref idref="fl-49"/>
      </object_component>
      <object_component id="oc-1ae">
         <name>.text:__mspabi_sllll</name>
         <load_address>0xd11a</load_address>
         <run_address>0xd11a</run_address>
         <size>0x44</size>
         <input_file_ref idref="fl-4a"/>
      </object_component>
      <object_component id="oc-1df">
         <name>.text:__TI_auto_init_nobinit_nopinit:__TI_auto_init_nobinit_nopinit</name>
         <load_address>0xd15e</load_address>
         <run_address>0xd15e</run_address>
         <size>0x42</size>
         <input_file_ref idref="fl-2c"/>
      </object_component>
      <object_component id="oc-223">
         <name>.text:l_asr_const</name>
         <load_address>0xd1a0</load_address>
         <run_address>0xd1a0</run_address>
         <size>0x3e</size>
         <input_file_ref idref="fl-40"/>
      </object_component>
      <object_component id="oc-212">
         <name>.text:l_lsl_const</name>
         <load_address>0xd1de</load_address>
         <run_address>0xd1de</run_address>
         <size>0x3e</size>
         <input_file_ref idref="fl-43"/>
      </object_component>
      <object_component id="oc-22d">
         <name>.text</name>
         <load_address>0xd21c</load_address>
         <run_address>0xd21c</run_address>
         <size>0x2c</size>
         <input_file_ref idref="fl-3f"/>
      </object_component>
      <object_component id="oc-b5">
         <name>.text</name>
         <load_address>0xd248</load_address>
         <run_address>0xd248</run_address>
         <size>0x2c</size>
         <input_file_ref idref="fl-42"/>
      </object_component>
      <object_component id="oc-21e">
         <name>.text</name>
         <load_address>0xd274</load_address>
         <run_address>0xd274</run_address>
         <size>0x26</size>
         <input_file_ref idref="fl-47"/>
      </object_component>
      <object_component id="oc-f9">
         <name>.text:_c_int00_noargs</name>
         <load_address>0xd29a</load_address>
         <run_address>0xd29a</run_address>
         <size>0x1c</size>
         <input_file_ref idref="fl-2b"/>
      </object_component>
      <object_component id="oc-1c6">
         <name>.text:configure_timer</name>
         <load_address>0xd2b6</load_address>
         <run_address>0xd2b6</run_address>
         <size>0x1a</size>
         <input_file_ref idref="fl-2"/>
      </object_component>
      <object_component id="oc-16c">
         <name>.text:main</name>
         <load_address>0xd2d0</load_address>
         <run_address>0xd2d0</run_address>
         <size>0x16</size>
         <input_file_ref idref="fl-2"/>
      </object_component>
      <object_component id="oc-140">
         <name>.text</name>
         <load_address>0xd2e6</load_address>
         <run_address>0xd2e6</run_address>
         <size>0x16</size>
         <input_file_ref idref="fl-1d"/>
      </object_component>
      <object_component id="oc-1c0">
         <name>.text:configure_clock</name>
         <load_address>0xd2fc</load_address>
         <run_address>0xd2fc</run_address>
         <size>0x14</size>
         <input_file_ref idref="fl-2"/>
      </object_component>
      <object_component id="oc-228">
         <name>.text</name>
         <load_address>0xd310</load_address>
         <run_address>0xd310</run_address>
         <size>0x14</size>
         <input_file_ref idref="fl-46"/>
      </object_component>
      <object_component id="oc-157">
         <name>.text:__mspabi_fixdu</name>
         <load_address>0xd324</load_address>
         <run_address>0xd324</run_address>
         <size>0x12</size>
         <input_file_ref idref="fl-36"/>
      </object_component>
      <object_component id="oc-3a">
         <name>.text:decompress:none:__TI_decompress_none</name>
         <load_address>0xd336</load_address>
         <run_address>0xd336</run_address>
         <size>0x12</size>
         <input_file_ref idref="fl-32"/>
      </object_component>
      <object_component id="oc-23a">
         <name>.text:l_lsr</name>
         <load_address>0xd348</load_address>
         <run_address>0xd348</run_address>
         <size>0x12</size>
         <input_file_ref idref="fl-45"/>
      </object_component>
      <object_component id="oc-cf">
         <name>.text:memcpy</name>
         <load_address>0xd35a</load_address>
         <run_address>0xd35a</run_address>
         <size>0x12</size>
         <input_file_ref idref="fl-3e"/>
      </object_component>
      <object_component id="oc-bf">
         <name>.text</name>
         <load_address>0xd36c</load_address>
         <run_address>0xd36c</run_address>
         <size>0x10</size>
         <input_file_ref idref="fl-41"/>
      </object_component>
      <object_component id="oc-1cc">
         <name>.text:configure_pins</name>
         <load_address>0xd37c</load_address>
         <run_address>0xd37c</run_address>
         <size>0xe</size>
         <input_file_ref idref="fl-2"/>
      </object_component>
      <object_component id="oc-dc">
         <name>.text:_isr:__TI_ISR_TRAP</name>
         <load_address>0xd38a</load_address>
         <run_address>0xd38a</run_address>
         <size>0x8</size>
         <input_file_ref idref="fl-2a"/>
      </object_component>
      <object_component id="oc-145">
         <name>.text:__mspabi_fltud</name>
         <load_address>0xd392</load_address>
         <run_address>0xd392</run_address>
         <size>0x6</size>
         <input_file_ref idref="fl-38"/>
      </object_component>
      <object_component id="oc-1d3">
         <name>.text:abort</name>
         <load_address>0xd398</load_address>
         <run_address>0xd398</run_address>
         <size>0x6</size>
         <input_file_ref idref="fl-3b"/>
      </object_component>
      <object_component id="oc-166">
         <name>.text:_system_pre_init</name>
         <load_address>0xd39e</load_address>
         <run_address>0xd39e</run_address>
         <size>0x4</size>
         <input_file_ref idref="fl-30"/>
      </object_component>
      <object_component id="oc-255">
         <name>.text:_system_post_cinit</name>
         <load_address>0xd3a2</load_address>
         <run_address>0xd3a2</run_address>
         <size>0x2</size>
         <input_file_ref idref="fl-31"/>
      </object_component>
      <object_component id="oc-2f6">
         <name>.cinit..data.load</name>
         <load_address>0xd3a4</load_address>
         <run_address>0xd3a4</run_address>
         <size>0x7</size>
      </object_component>
      <object_component id="oc-2f4">
         <name>__TI_handler_table</name>
         <load_address>0xd3ac</load_address>
         <run_address>0xd3ac</run_address>
         <size>0x4</size>
      </object_component>
      <object_component id="oc-2f5">
         <name>__TI_cinit_table</name>
         <load_address>0xd3b0</load_address>
         <run_address>0xd3b0</run_address>
         <size>0x4</size>
      </object_component>
      <object_component id="oc-2b6">
         <name>.binit</name>
         <load_address>0xc000</load_address>
         <run_address>0xc000</run_address>
         <size>0x0</size>
      </object_component>
      <object_component id="oc-40">
         <name>.int00</name>
         <load_address>0xffe0</load_address>
         <run_address>0xffe0</run_address>
         <size>0x2</size>
         <input_file_ref idref="fl-1e"/>
      </object_component>
      <object_component id="oc-41">
         <name>.int02</name>
         <load_address>0xffe4</load_address>
         <run_address>0xffe4</run_address>
         <size>0x2</size>
         <input_file_ref idref="fl-1f"/>
      </object_component>
      <object_component id="oc-42">
         <name>.int03</name>
         <load_address>0xffe6</load_address>
         <run_address>0xffe6</run_address>
         <size>0x2</size>
         <input_file_ref idref="fl-20"/>
      </object_component>
      <object_component id="oc-43">
         <name>.int05</name>
         <load_address>0xffea</load_address>
         <run_address>0xffea</run_address>
         <size>0x2</size>
         <input_file_ref idref="fl-21"/>
      </object_component>
      <object_component id="oc-44">
         <name>.int06</name>
         <load_address>0xffec</load_address>
         <run_address>0xffec</run_address>
         <size>0x2</size>
         <input_file_ref idref="fl-22"/>
      </object_component>
      <object_component id="oc-45">
         <name>.int07</name>
         <load_address>0xffee</load_address>
         <run_address>0xffee</run_address>
         <size>0x2</size>
         <input_file_ref idref="fl-23"/>
      </object_component>
      <object_component id="oc-46">
         <name>.int08</name>
         <load_address>0xfff0</load_address>
         <run_address>0xfff0</run_address>
         <size>0x2</size>
         <input_file_ref idref="fl-2"/>
      </object_component>
      <object_component id="oc-47">
         <name>.int09</name>
         <load_address>0xfff2</load_address>
         <run_address>0xfff2</run_address>
         <size>0x2</size>
         <input_file_ref idref="fl-24"/>
      </object_component>
      <object_component id="oc-48">
         <name>.int10</name>
         <load_address>0xfff4</load_address>
         <run_address>0xfff4</run_address>
         <size>0x2</size>
         <input_file_ref idref="fl-25"/>
      </object_component>
      <object_component id="oc-49">
         <name>.int11</name>
         <load_address>0xfff6</load_address>
         <run_address>0xfff6</run_address>
         <size>0x2</size>
         <input_file_ref idref="fl-26"/>
      </object_component>
      <object_component id="oc-4a">
         <name>.int12</name>
         <load_address>0xfff8</load_address>
         <run_address>0xfff8</run_address>
         <size>0x2</size>
         <input_file_ref idref="fl-27"/>
      </object_component>
      <object_component id="oc-4b">
         <name>.int13</name>
         <load_address>0xfffa</load_address>
         <run_address>0xfffa</run_address>
         <size>0x2</size>
         <input_file_ref idref="fl-28"/>
      </object_component>
      <object_component id="oc-4c">
         <name>.int14</name>
         <load_address>0xfffc</load_address>
         <run_address>0xfffc</run_address>
         <size>0x2</size>
         <input_file_ref idref="fl-29"/>
      </object_component>
      <object_component id="oc-b4">
         <name>.reset</name>
         <load_address>0xfffe</load_address>
         <run_address>0xfffe</run_address>
         <size>0x2</size>
         <input_file_ref idref="fl-2b"/>
      </object_component>
      <object_component id="oc-13e">
         <name>.debug_info</name>
         <load_address>0x0</load_address>
         <run_address>0x0</run_address>
         <size>0xe9</size>
         <input_file_ref idref="fl-2"/>
      </object_component>
      <object_component id="oc-e2">
         <name>.debug_info</name>
         <load_address>0xe9</load_address>
         <run_address>0xe9</run_address>
         <size>0x19c</size>
         <input_file_ref idref="fl-2"/>
      </object_component>
      <object_component id="oc-1c1">
         <name>.debug_info</name>
         <load_address>0x285</load_address>
         <run_address>0x285</run_address>
         <size>0xf8</size>
         <input_file_ref idref="fl-2"/>
      </object_component>
      <object_component id="oc-1c8">
         <name>.debug_info</name>
         <load_address>0x37d</load_address>
         <run_address>0x37d</run_address>
         <size>0xf8</size>
         <input_file_ref idref="fl-2"/>
      </object_component>
      <object_component id="oc-1cf">
         <name>.debug_info</name>
         <load_address>0x475</load_address>
         <run_address>0x475</run_address>
         <size>0xf6</size>
         <input_file_ref idref="fl-2"/>
      </object_component>
      <object_component id="oc-16d">
         <name>.debug_info</name>
         <load_address>0x56b</load_address>
         <run_address>0x56b</run_address>
         <size>0x121</size>
         <input_file_ref idref="fl-2"/>
      </object_component>
      <object_component id="oc-ca">
         <name>.debug_info</name>
         <load_address>0x68c</load_address>
         <run_address>0x68c</run_address>
         <size>0x84</size>
         <input_file_ref idref="fl-2"/>
      </object_component>
      <object_component id="oc-141">
         <name>.debug_info</name>
         <load_address>0x710</load_address>
         <run_address>0x710</run_address>
         <size>0x121</size>
         <input_file_ref idref="fl-1d"/>
      </object_component>
      <object_component id="oc-df">
         <name>.debug_info</name>
         <load_address>0x831</load_address>
         <run_address>0x831</run_address>
         <size>0x10f</size>
         <input_file_ref idref="fl-2a"/>
      </object_component>
      <object_component id="oc-b2">
         <name>.debug_info</name>
         <load_address>0x940</load_address>
         <run_address>0x940</run_address>
         <size>0x100</size>
         <input_file_ref idref="fl-2b"/>
      </object_component>
      <object_component id="oc-fa">
         <name>.debug_info</name>
         <load_address>0xa40</load_address>
         <run_address>0xa40</run_address>
         <size>0x17a</size>
         <input_file_ref idref="fl-2b"/>
      </object_component>
      <object_component id="oc-25c">
         <name>.debug_info</name>
         <load_address>0xbba</load_address>
         <run_address>0xbba</run_address>
         <size>0x3de</size>
         <input_file_ref idref="fl-2c"/>
      </object_component>
      <object_component id="oc-1e1">
         <name>.debug_info</name>
         <load_address>0xf98</load_address>
         <run_address>0xf98</run_address>
         <size>0x1e0</size>
         <input_file_ref idref="fl-2c"/>
      </object_component>
      <object_component id="oc-298">
         <name>.debug_info</name>
         <load_address>0x1178</load_address>
         <run_address>0x1178</run_address>
         <size>0x39</size>
         <input_file_ref idref="fl-2c"/>
      </object_component>
      <object_component id="oc-2a4">
         <name>.debug_info</name>
         <load_address>0x11b1</load_address>
         <run_address>0x11b1</run_address>
         <size>0x2c</size>
         <input_file_ref idref="fl-2c"/>
      </object_component>
      <object_component id="oc-267">
         <name>.debug_info</name>
         <load_address>0x11dd</load_address>
         <run_address>0x11dd</run_address>
         <size>0x2c</size>
         <input_file_ref idref="fl-2c"/>
      </object_component>
      <object_component id="oc-29d">
         <name>.debug_info</name>
         <load_address>0x1209</load_address>
         <run_address>0x1209</run_address>
         <size>0xcd</size>
         <input_file_ref idref="fl-2c"/>
      </object_component>
      <object_component id="oc-130">
         <name>.debug_info</name>
         <load_address>0x12d6</load_address>
         <run_address>0x12d6</run_address>
         <size>0x2c</size>
         <input_file_ref idref="fl-2d"/>
      </object_component>
      <object_component id="oc-169">
         <name>.debug_info</name>
         <load_address>0x1302</load_address>
         <run_address>0x1302</run_address>
         <size>0x153</size>
         <input_file_ref idref="fl-30"/>
      </object_component>
      <object_component id="oc-257">
         <name>.debug_info</name>
         <load_address>0x1455</load_address>
         <run_address>0x1455</run_address>
         <size>0x150</size>
         <input_file_ref idref="fl-31"/>
      </object_component>
      <object_component id="oc-db">
         <name>.debug_info</name>
         <load_address>0x15a5</load_address>
         <run_address>0x15a5</run_address>
         <size>0x180</size>
         <input_file_ref idref="fl-32"/>
      </object_component>
      <object_component id="oc-3e">
         <name>.debug_info</name>
         <load_address>0x1725</load_address>
         <run_address>0x1725</run_address>
         <size>0x1ea</size>
         <input_file_ref idref="fl-32"/>
      </object_component>
      <object_component id="oc-d6">
         <name>.debug_info</name>
         <load_address>0x190f</load_address>
         <run_address>0x190f</run_address>
         <size>0x46</size>
         <input_file_ref idref="fl-32"/>
      </object_component>
      <object_component id="oc-135">
         <name>.debug_info</name>
         <load_address>0x1955</load_address>
         <run_address>0x1955</run_address>
         <size>0x2c</size>
         <input_file_ref idref="fl-32"/>
      </object_component>
      <object_component id="oc-12d">
         <name>.debug_info</name>
         <load_address>0x1981</load_address>
         <run_address>0x1981</run_address>
         <size>0x176</size>
         <input_file_ref idref="fl-33"/>
      </object_component>
      <object_component id="oc-37">
         <name>.debug_info</name>
         <load_address>0x1af7</load_address>
         <run_address>0x1af7</run_address>
         <size>0x292</size>
         <input_file_ref idref="fl-33"/>
      </object_component>
      <object_component id="oc-c5">
         <name>.debug_info</name>
         <load_address>0x1d89</load_address>
         <run_address>0x1d89</run_address>
         <size>0x60</size>
         <input_file_ref idref="fl-33"/>
      </object_component>
      <object_component id="oc-188">
         <name>.debug_info</name>
         <load_address>0x1de9</load_address>
         <run_address>0x1de9</run_address>
         <size>0x46</size>
         <input_file_ref idref="fl-33"/>
      </object_component>
      <object_component id="oc-128">
         <name>.debug_info</name>
         <load_address>0x1e2f</load_address>
         <run_address>0x1e2f</run_address>
         <size>0x39</size>
         <input_file_ref idref="fl-33"/>
      </object_component>
      <object_component id="oc-1b5">
         <name>.debug_info</name>
         <load_address>0x1e68</load_address>
         <run_address>0x1e68</run_address>
         <size>0x164</size>
         <input_file_ref idref="fl-34"/>
      </object_component>
      <object_component id="oc-152">
         <name>.debug_info</name>
         <load_address>0x1fcc</load_address>
         <run_address>0x1fcc</run_address>
         <size>0x35e</size>
         <input_file_ref idref="fl-34"/>
      </object_component>
      <object_component id="oc-1a7">
         <name>.debug_info</name>
         <load_address>0x232a</load_address>
         <run_address>0x232a</run_address>
         <size>0x1a2</size>
         <input_file_ref idref="fl-35"/>
      </object_component>
      <object_component id="oc-14e">
         <name>.debug_info</name>
         <load_address>0x24cc</load_address>
         <run_address>0x24cc</run_address>
         <size>0x28a</size>
         <input_file_ref idref="fl-35"/>
      </object_component>
      <object_component id="oc-1a2">
         <name>.debug_info</name>
         <load_address>0x2756</load_address>
         <run_address>0x2756</run_address>
         <size>0x94</size>
         <input_file_ref idref="fl-35"/>
      </object_component>
      <object_component id="oc-158">
         <name>.debug_info</name>
         <load_address>0x27ea</load_address>
         <run_address>0x27ea</run_address>
         <size>0x16b</size>
         <input_file_ref idref="fl-36"/>
      </object_component>
      <object_component id="oc-1b8">
         <name>.debug_info</name>
         <load_address>0x2955</load_address>
         <run_address>0x2955</run_address>
         <size>0x1c0</size>
         <input_file_ref idref="fl-37"/>
      </object_component>
      <object_component id="oc-146">
         <name>.debug_info</name>
         <load_address>0x2b15</load_address>
         <run_address>0x2b15</run_address>
         <size>0x166</size>
         <input_file_ref idref="fl-38"/>
      </object_component>
      <object_component id="oc-21d">
         <name>.debug_info</name>
         <load_address>0x2c7b</load_address>
         <run_address>0x2c7b</run_address>
         <size>0x16b</size>
         <input_file_ref idref="fl-39"/>
      </object_component>
      <object_component id="oc-197">
         <name>.debug_info</name>
         <load_address>0x2de6</load_address>
         <run_address>0x2de6</run_address>
         <size>0x1e3</size>
         <input_file_ref idref="fl-39"/>
      </object_component>
      <object_component id="oc-233">
         <name>.debug_info</name>
         <load_address>0x2fc9</load_address>
         <run_address>0x2fc9</run_address>
         <size>0x172</size>
         <input_file_ref idref="fl-3a"/>
      </object_component>
      <object_component id="oc-19e">
         <name>.debug_info</name>
         <load_address>0x313b</load_address>
         <run_address>0x313b</run_address>
         <size>0x5cf</size>
         <input_file_ref idref="fl-3a"/>
      </object_component>
      <object_component id="oc-1d4">
         <name>.debug_info</name>
         <load_address>0x370a</load_address>
         <run_address>0x370a</run_address>
         <size>0x122</size>
         <input_file_ref idref="fl-3b"/>
      </object_component>
      <object_component id="oc-12f">
         <name>.debug_info</name>
         <load_address>0x382c</load_address>
         <run_address>0x382c</run_address>
         <size>0x181</size>
         <input_file_ref idref="fl-3e"/>
      </object_component>
      <object_component id="oc-d1">
         <name>.debug_info</name>
         <load_address>0x39ad</load_address>
         <run_address>0x39ad</run_address>
         <size>0x17a</size>
         <input_file_ref idref="fl-3e"/>
      </object_component>
      <object_component id="oc-22e">
         <name>.debug_info</name>
         <load_address>0x3b27</load_address>
         <run_address>0x3b27</run_address>
         <size>0x120</size>
         <input_file_ref idref="fl-3f"/>
      </object_component>
      <object_component id="oc-225">
         <name>.debug_info</name>
         <load_address>0x3c47</load_address>
         <run_address>0x3c47</run_address>
         <size>0x126</size>
         <input_file_ref idref="fl-40"/>
      </object_component>
      <object_component id="oc-c1">
         <name>.debug_info</name>
         <load_address>0x3d6d</load_address>
         <run_address>0x3d6d</run_address>
         <size>0x12e</size>
         <input_file_ref idref="fl-41"/>
      </object_component>
      <object_component id="oc-b8">
         <name>.debug_info</name>
         <load_address>0x3e9b</load_address>
         <run_address>0x3e9b</run_address>
         <size>0x120</size>
         <input_file_ref idref="fl-42"/>
      </object_component>
      <object_component id="oc-213">
         <name>.debug_info</name>
         <load_address>0x3fbb</load_address>
         <run_address>0x3fbb</run_address>
         <size>0x126</size>
         <input_file_ref idref="fl-43"/>
      </object_component>
      <object_component id="oc-bd">
         <name>.debug_info</name>
         <load_address>0x40e1</load_address>
         <run_address>0x40e1</run_address>
         <size>0x120</size>
         <input_file_ref idref="fl-44"/>
      </object_component>
      <object_component id="oc-23d">
         <name>.debug_info</name>
         <load_address>0x4201</load_address>
         <run_address>0x4201</run_address>
         <size>0x120</size>
         <input_file_ref idref="fl-45"/>
      </object_component>
      <object_component id="oc-218">
         <name>.debug_info</name>
         <load_address>0x4321</load_address>
         <run_address>0x4321</run_address>
         <size>0x126</size>
         <input_file_ref idref="fl-45"/>
      </object_component>
      <object_component id="oc-229">
         <name>.debug_info</name>
         <load_address>0x4447</load_address>
         <run_address>0x4447</run_address>
         <size>0x121</size>
         <input_file_ref idref="fl-46"/>
      </object_component>
      <object_component id="oc-220">
         <name>.debug_info</name>
         <load_address>0x4568</load_address>
         <run_address>0x4568</run_address>
         <size>0x121</size>
         <input_file_ref idref="fl-47"/>
      </object_component>
      <object_component id="oc-1ac">
         <name>.debug_info</name>
         <load_address>0x4689</load_address>
         <run_address>0x4689</run_address>
         <size>0x193</size>
         <input_file_ref idref="fl-49"/>
      </object_component>
      <object_component id="oc-1b1">
         <name>.debug_info</name>
         <load_address>0x481c</load_address>
         <run_address>0x481c</run_address>
         <size>0x193</size>
         <input_file_ref idref="fl-4a"/>
      </object_component>
      <object_component id="oc-2f8">
         <name>.debug_info</name>
         <load_address>0x49af</load_address>
         <run_address>0x49af</run_address>
         <size>0x8f</size>
      </object_component>
      <object_component id="oc-192">
         <name>.debug_line</name>
         <load_address>0x0</load_address>
         <run_address>0x0</run_address>
         <size>0x2d</size>
         <input_file_ref idref="fl-2"/>
      </object_component>
      <object_component id="oc-e6">
         <name>.debug_line</name>
         <load_address>0x2d</load_address>
         <run_address>0x2d</run_address>
         <size>0x4a</size>
         <input_file_ref idref="fl-2"/>
      </object_component>
      <object_component id="oc-1c4">
         <name>.debug_line</name>
         <load_address>0x77</load_address>
         <run_address>0x77</run_address>
         <size>0x42</size>
         <input_file_ref idref="fl-2"/>
      </object_component>
      <object_component id="oc-1c7">
         <name>.debug_line</name>
         <load_address>0xb9</load_address>
         <run_address>0xb9</run_address>
         <size>0x43</size>
         <input_file_ref idref="fl-2"/>
      </object_component>
      <object_component id="oc-1cd">
         <name>.debug_line</name>
         <load_address>0xfc</load_address>
         <run_address>0xfc</run_address>
         <size>0x41</size>
         <input_file_ref idref="fl-2"/>
      </object_component>
      <object_component id="oc-170">
         <name>.debug_line</name>
         <load_address>0x13d</load_address>
         <run_address>0x13d</run_address>
         <size>0x45</size>
         <input_file_ref idref="fl-2"/>
      </object_component>
      <object_component id="oc-cd">
         <name>.debug_line</name>
         <load_address>0x182</load_address>
         <run_address>0x182</run_address>
         <size>0x20</size>
         <input_file_ref idref="fl-2"/>
      </object_component>
      <object_component id="oc-144">
         <name>.debug_line</name>
         <load_address>0x1a2</load_address>
         <run_address>0x1a2</run_address>
         <size>0x43</size>
         <input_file_ref idref="fl-1d"/>
      </object_component>
      <object_component id="oc-dd">
         <name>.debug_line</name>
         <load_address>0x1e5</load_address>
         <run_address>0x1e5</run_address>
         <size>0x3d</size>
         <input_file_ref idref="fl-2a"/>
      </object_component>
      <object_component id="oc-124">
         <name>.debug_line</name>
         <load_address>0x222</load_address>
         <run_address>0x222</run_address>
         <size>0x2a</size>
         <input_file_ref idref="fl-2b"/>
      </object_component>
      <object_component id="oc-fd">
         <name>.debug_line</name>
         <load_address>0x24c</load_address>
         <run_address>0x24c</run_address>
         <size>0x46</size>
         <input_file_ref idref="fl-2b"/>
      </object_component>
      <object_component id="oc-297">
         <name>.debug_line</name>
         <load_address>0x292</load_address>
         <run_address>0x292</run_address>
         <size>0xbf</size>
         <input_file_ref idref="fl-2c"/>
      </object_component>
      <object_component id="oc-1e0">
         <name>.debug_line</name>
         <load_address>0x351</load_address>
         <run_address>0x351</run_address>
         <size>0x76</size>
         <input_file_ref idref="fl-2c"/>
      </object_component>
      <object_component id="oc-29b">
         <name>.debug_line</name>
         <load_address>0x3c7</load_address>
         <run_address>0x3c7</run_address>
         <size>0x2e</size>
         <input_file_ref idref="fl-2c"/>
      </object_component>
      <object_component id="oc-2a7">
         <name>.debug_line</name>
         <load_address>0x3f5</load_address>
         <run_address>0x3f5</run_address>
         <size>0x9a</size>
         <input_file_ref idref="fl-2c"/>
      </object_component>
      <object_component id="oc-26a">
         <name>.debug_line</name>
         <load_address>0x48f</load_address>
         <run_address>0x48f</run_address>
         <size>0x97</size>
         <input_file_ref idref="fl-2c"/>
      </object_component>
      <object_component id="oc-2a0">
         <name>.debug_line</name>
         <load_address>0x526</load_address>
         <run_address>0x526</run_address>
         <size>0x93</size>
         <input_file_ref idref="fl-2c"/>
      </object_component>
      <object_component id="oc-133">
         <name>.debug_line</name>
         <load_address>0x5b9</load_address>
         <run_address>0x5b9</run_address>
         <size>0x92</size>
         <input_file_ref idref="fl-2d"/>
      </object_component>
      <object_component id="oc-168">
         <name>.debug_line</name>
         <load_address>0x64b</load_address>
         <run_address>0x64b</run_address>
         <size>0x3e</size>
         <input_file_ref idref="fl-30"/>
      </object_component>
      <object_component id="oc-256">
         <name>.debug_line</name>
         <load_address>0x689</load_address>
         <run_address>0x689</run_address>
         <size>0x3a</size>
         <input_file_ref idref="fl-31"/>
      </object_component>
      <object_component id="oc-13b">
         <name>.debug_line</name>
         <load_address>0x6c3</load_address>
         <run_address>0x6c3</run_address>
         <size>0x20</size>
         <input_file_ref idref="fl-32"/>
      </object_component>
      <object_component id="oc-3b">
         <name>.debug_line</name>
         <load_address>0x6e3</load_address>
         <run_address>0x6e3</run_address>
         <size>0x50</size>
         <input_file_ref idref="fl-32"/>
      </object_component>
      <object_component id="oc-d9">
         <name>.debug_line</name>
         <load_address>0x733</load_address>
         <run_address>0x733</run_address>
         <size>0x3a</size>
         <input_file_ref idref="fl-32"/>
      </object_component>
      <object_component id="oc-138">
         <name>.debug_line</name>
         <load_address>0x76d</load_address>
         <run_address>0x76d</run_address>
         <size>0x92</size>
         <input_file_ref idref="fl-32"/>
      </object_component>
      <object_component id="oc-18e">
         <name>.debug_line</name>
         <load_address>0x7ff</load_address>
         <run_address>0x7ff</run_address>
         <size>0x20</size>
         <input_file_ref idref="fl-33"/>
      </object_component>
      <object_component id="oc-39">
         <name>.debug_line</name>
         <load_address>0x81f</load_address>
         <run_address>0x81f</run_address>
         <size>0x92</size>
         <input_file_ref idref="fl-33"/>
      </object_component>
      <object_component id="oc-c8">
         <name>.debug_line</name>
         <load_address>0x8b1</load_address>
         <run_address>0x8b1</run_address>
         <size>0x3a</size>
         <input_file_ref idref="fl-33"/>
      </object_component>
      <object_component id="oc-18b">
         <name>.debug_line</name>
         <load_address>0x8eb</load_address>
         <run_address>0x8eb</run_address>
         <size>0x9a</size>
         <input_file_ref idref="fl-33"/>
      </object_component>
      <object_component id="oc-12b">
         <name>.debug_line</name>
         <load_address>0x985</load_address>
         <run_address>0x985</run_address>
         <size>0x96</size>
         <input_file_ref idref="fl-33"/>
      </object_component>
      <object_component id="oc-239">
         <name>.debug_line</name>
         <load_address>0xa1b</load_address>
         <run_address>0xa1b</run_address>
         <size>0x20</size>
         <input_file_ref idref="fl-34"/>
      </object_component>
      <object_component id="oc-156">
         <name>.debug_line</name>
         <load_address>0xa3b</load_address>
         <run_address>0xa3b</run_address>
         <size>0x17f</size>
         <input_file_ref idref="fl-34"/>
      </object_component>
      <object_component id="oc-235">
         <name>.debug_line</name>
         <load_address>0xbba</load_address>
         <run_address>0xbba</run_address>
         <size>0x2d</size>
         <input_file_ref idref="fl-35"/>
      </object_component>
      <object_component id="oc-14c">
         <name>.debug_line</name>
         <load_address>0xbe7</load_address>
         <run_address>0xbe7</run_address>
         <size>0xe9</size>
         <input_file_ref idref="fl-35"/>
      </object_component>
      <object_component id="oc-1a5">
         <name>.debug_line</name>
         <load_address>0xcd0</load_address>
         <run_address>0xcd0</run_address>
         <size>0x2e</size>
         <input_file_ref idref="fl-35"/>
      </object_component>
      <object_component id="oc-15c">
         <name>.debug_line</name>
         <load_address>0xcfe</load_address>
         <run_address>0xcfe</run_address>
         <size>0x3d</size>
         <input_file_ref idref="fl-36"/>
      </object_component>
      <object_component id="oc-1b7">
         <name>.debug_line</name>
         <load_address>0xd3b</load_address>
         <run_address>0xd3b</run_address>
         <size>0x5a</size>
         <input_file_ref idref="fl-37"/>
      </object_component>
      <object_component id="oc-14a">
         <name>.debug_line</name>
         <load_address>0xd95</load_address>
         <run_address>0xd95</run_address>
         <size>0x3d</size>
         <input_file_ref idref="fl-38"/>
      </object_component>
      <object_component id="oc-279">
         <name>.debug_line</name>
         <load_address>0xdd2</load_address>
         <run_address>0xdd2</run_address>
         <size>0x20</size>
         <input_file_ref idref="fl-39"/>
      </object_component>
      <object_component id="oc-199">
         <name>.debug_line</name>
         <load_address>0xdf2</load_address>
         <run_address>0xdf2</run_address>
         <size>0x71</size>
         <input_file_ref idref="fl-39"/>
      </object_component>
      <object_component id="oc-27f">
         <name>.debug_line</name>
         <load_address>0xe63</load_address>
         <run_address>0xe63</run_address>
         <size>0x20</size>
         <input_file_ref idref="fl-3a"/>
      </object_component>
      <object_component id="oc-19d">
         <name>.debug_line</name>
         <load_address>0xe83</load_address>
         <run_address>0xe83</run_address>
         <size>0xdc</size>
         <input_file_ref idref="fl-3a"/>
      </object_component>
      <object_component id="oc-1d7">
         <name>.debug_line</name>
         <load_address>0xf5f</load_address>
         <run_address>0xf5f</run_address>
         <size>0x3d</size>
         <input_file_ref idref="fl-3b"/>
      </object_component>
      <object_component id="oc-190">
         <name>.debug_line</name>
         <load_address>0xf9c</load_address>
         <run_address>0xf9c</run_address>
         <size>0x20</size>
         <input_file_ref idref="fl-3e"/>
      </object_component>
      <object_component id="oc-d0">
         <name>.debug_line</name>
         <load_address>0xfbc</load_address>
         <run_address>0xfbc</run_address>
         <size>0x42</size>
         <input_file_ref idref="fl-3e"/>
      </object_component>
      <object_component id="oc-231">
         <name>.debug_line</name>
         <load_address>0xffe</load_address>
         <run_address>0xffe</run_address>
         <size>0x4e</size>
         <input_file_ref idref="fl-3f"/>
      </object_component>
      <object_component id="oc-224">
         <name>.debug_line</name>
         <load_address>0x104c</load_address>
         <run_address>0x104c</run_address>
         <size>0x56</size>
         <input_file_ref idref="fl-40"/>
      </object_component>
      <object_component id="oc-c0">
         <name>.debug_line</name>
         <load_address>0x10a2</load_address>
         <run_address>0x10a2</run_address>
         <size>0x40</size>
         <input_file_ref idref="fl-41"/>
      </object_component>
      <object_component id="oc-b6">
         <name>.debug_line</name>
         <load_address>0x10e2</load_address>
         <run_address>0x10e2</run_address>
         <size>0x4e</size>
         <input_file_ref idref="fl-42"/>
      </object_component>
      <object_component id="oc-216">
         <name>.debug_line</name>
         <load_address>0x1130</load_address>
         <run_address>0x1130</run_address>
         <size>0x56</size>
         <input_file_ref idref="fl-43"/>
      </object_component>
      <object_component id="oc-bc">
         <name>.debug_line</name>
         <load_address>0x1186</load_address>
         <run_address>0x1186</run_address>
         <size>0x5e</size>
         <input_file_ref idref="fl-44"/>
      </object_component>
      <object_component id="oc-23c">
         <name>.debug_line</name>
         <load_address>0x11e4</load_address>
         <run_address>0x11e4</run_address>
         <size>0x42</size>
         <input_file_ref idref="fl-45"/>
      </object_component>
      <object_component id="oc-21b">
         <name>.debug_line</name>
         <load_address>0x1226</load_address>
         <run_address>0x1226</run_address>
         <size>0x65</size>
         <input_file_ref idref="fl-45"/>
      </object_component>
      <object_component id="oc-22c">
         <name>.debug_line</name>
         <load_address>0x128b</load_address>
         <run_address>0x128b</run_address>
         <size>0x42</size>
         <input_file_ref idref="fl-46"/>
      </object_component>
      <object_component id="oc-222">
         <name>.debug_line</name>
         <load_address>0x12cd</load_address>
         <run_address>0x12cd</run_address>
         <size>0x4b</size>
         <input_file_ref idref="fl-47"/>
      </object_component>
      <object_component id="oc-1ab">
         <name>.debug_line</name>
         <load_address>0x1318</load_address>
         <run_address>0x1318</run_address>
         <size>0x53</size>
         <input_file_ref idref="fl-49"/>
      </object_component>
      <object_component id="oc-1af">
         <name>.debug_line</name>
         <load_address>0x136b</load_address>
         <run_address>0x136b</run_address>
         <size>0x53</size>
         <input_file_ref idref="fl-4a"/>
      </object_component>
      <object_component id="oc-e5">
         <name>.debug_frame</name>
         <load_address>0x0</load_address>
         <run_address>0x0</run_address>
         <size>0xa4</size>
         <input_file_ref idref="fl-2"/>
      </object_component>
      <object_component id="oc-1c5">
         <name>.debug_frame</name>
         <load_address>0xa4</load_address>
         <run_address>0xa4</run_address>
         <size>0x3c</size>
         <input_file_ref idref="fl-2"/>
      </object_component>
      <object_component id="oc-1cb">
         <name>.debug_frame</name>
         <load_address>0xe0</load_address>
         <run_address>0xe0</run_address>
         <size>0x3c</size>
         <input_file_ref idref="fl-2"/>
      </object_component>
      <object_component id="oc-1ce">
         <name>.debug_frame</name>
         <load_address>0x11c</load_address>
         <run_address>0x11c</run_address>
         <size>0x3c</size>
         <input_file_ref idref="fl-2"/>
      </object_component>
      <object_component id="oc-171">
         <name>.debug_frame</name>
         <load_address>0x158</load_address>
         <run_address>0x158</run_address>
         <size>0x3c</size>
         <input_file_ref idref="fl-2"/>
      </object_component>
      <object_component id="oc-fe">
         <name>.debug_frame</name>
         <load_address>0x194</load_address>
         <run_address>0x194</run_address>
         <size>0x34</size>
         <input_file_ref idref="fl-2b"/>
      </object_component>
      <object_component id="oc-1e4">
         <name>.debug_frame</name>
         <load_address>0x1c8</load_address>
         <run_address>0x1c8</run_address>
         <size>0x44</size>
         <input_file_ref idref="fl-2c"/>
      </object_component>
      <object_component id="oc-16b">
         <name>.debug_frame</name>
         <load_address>0x20c</load_address>
         <run_address>0x20c</run_address>
         <size>0x3c</size>
         <input_file_ref idref="fl-30"/>
      </object_component>
      <object_component id="oc-25a">
         <name>.debug_frame</name>
         <load_address>0x248</load_address>
         <run_address>0x248</run_address>
         <size>0x3c</size>
         <input_file_ref idref="fl-31"/>
      </object_component>
      <object_component id="oc-3c">
         <name>.debug_frame</name>
         <load_address>0x284</load_address>
         <run_address>0x284</run_address>
         <size>0x3c</size>
         <input_file_ref idref="fl-32"/>
      </object_component>
      <object_component id="oc-36">
         <name>.debug_frame</name>
         <load_address>0x2c0</load_address>
         <run_address>0x2c0</run_address>
         <size>0x48</size>
         <input_file_ref idref="fl-33"/>
      </object_component>
      <object_component id="oc-155">
         <name>.debug_frame</name>
         <load_address>0x308</load_address>
         <run_address>0x308</run_address>
         <size>0x7c</size>
         <input_file_ref idref="fl-34"/>
      </object_component>
      <object_component id="oc-14d">
         <name>.debug_frame</name>
         <load_address>0x384</load_address>
         <run_address>0x384</run_address>
         <size>0x68</size>
         <input_file_ref idref="fl-35"/>
      </object_component>
      <object_component id="oc-15b">
         <name>.debug_frame</name>
         <load_address>0x3ec</load_address>
         <run_address>0x3ec</run_address>
         <size>0x3c</size>
         <input_file_ref idref="fl-36"/>
      </object_component>
      <object_component id="oc-1bb">
         <name>.debug_frame</name>
         <load_address>0x428</load_address>
         <run_address>0x428</run_address>
         <size>0x44</size>
         <input_file_ref idref="fl-37"/>
      </object_component>
      <object_component id="oc-149">
         <name>.debug_frame</name>
         <load_address>0x46c</load_address>
         <run_address>0x46c</run_address>
         <size>0x3c</size>
         <input_file_ref idref="fl-38"/>
      </object_component>
      <object_component id="oc-196">
         <name>.debug_frame</name>
         <load_address>0x4a8</load_address>
         <run_address>0x4a8</run_address>
         <size>0x44</size>
         <input_file_ref idref="fl-39"/>
      </object_component>
      <object_component id="oc-1a0">
         <name>.debug_frame</name>
         <load_address>0x4ec</load_address>
         <run_address>0x4ec</run_address>
         <size>0x78</size>
         <input_file_ref idref="fl-3a"/>
      </object_component>
      <object_component id="oc-1d8">
         <name>.debug_frame</name>
         <load_address>0x564</load_address>
         <run_address>0x564</run_address>
         <size>0x3c</size>
         <input_file_ref idref="fl-3b"/>
      </object_component>
      <object_component id="oc-d4">
         <name>.debug_frame</name>
         <load_address>0x5a0</load_address>
         <run_address>0x5a0</run_address>
         <size>0x3c</size>
         <input_file_ref idref="fl-3e"/>
      </object_component>
      <object_component id="oc-1a9">
         <name>.debug_frame</name>
         <load_address>0x5dc</load_address>
         <run_address>0x5dc</run_address>
         <size>0x44</size>
         <input_file_ref idref="fl-49"/>
      </object_component>
      <object_component id="oc-1b3">
         <name>.debug_frame</name>
         <load_address>0x620</load_address>
         <run_address>0x620</run_address>
         <size>0x44</size>
         <input_file_ref idref="fl-4a"/>
      </object_component>
      <object_component id="oc-191">
         <name>.debug_abbrev</name>
         <load_address>0x0</load_address>
         <run_address>0x0</run_address>
         <size>0x29</size>
         <input_file_ref idref="fl-2"/>
      </object_component>
      <object_component id="oc-15d">
         <name>.debug_abbrev</name>
         <load_address>0x29</load_address>
         <run_address>0x29</run_address>
         <size>0x61</size>
         <input_file_ref idref="fl-2"/>
      </object_component>
      <object_component id="oc-240">
         <name>.debug_abbrev</name>
         <load_address>0x8a</load_address>
         <run_address>0x8a</run_address>
         <size>0x50</size>
         <input_file_ref idref="fl-2"/>
      </object_component>
      <object_component id="oc-241">
         <name>.debug_abbrev</name>
         <load_address>0xda</load_address>
         <run_address>0xda</run_address>
         <size>0x50</size>
         <input_file_ref idref="fl-2"/>
      </object_component>
      <object_component id="oc-242">
         <name>.debug_abbrev</name>
         <load_address>0x12a</load_address>
         <run_address>0x12a</run_address>
         <size>0x50</size>
         <input_file_ref idref="fl-2"/>
      </object_component>
      <object_component id="oc-1d2">
         <name>.debug_abbrev</name>
         <load_address>0x17a</load_address>
         <run_address>0x17a</run_address>
         <size>0x54</size>
         <input_file_ref idref="fl-2"/>
      </object_component>
      <object_component id="oc-cc">
         <name>.debug_abbrev</name>
         <load_address>0x1ce</load_address>
         <run_address>0x1ce</run_address>
         <size>0x1f</size>
         <input_file_ref idref="fl-2"/>
      </object_component>
      <object_component id="oc-193">
         <name>.debug_abbrev</name>
         <load_address>0x1ed</load_address>
         <run_address>0x1ed</run_address>
         <size>0x3c</size>
         <input_file_ref idref="fl-1d"/>
      </object_component>
      <object_component id="oc-13c">
         <name>.debug_abbrev</name>
         <load_address>0x229</load_address>
         <run_address>0x229</run_address>
         <size>0x28</size>
         <input_file_ref idref="fl-2a"/>
      </object_component>
      <object_component id="oc-123">
         <name>.debug_abbrev</name>
         <load_address>0x251</load_address>
         <run_address>0x251</run_address>
         <size>0x29</size>
         <input_file_ref idref="fl-2b"/>
      </object_component>
      <object_component id="oc-175">
         <name>.debug_abbrev</name>
         <load_address>0x27a</load_address>
         <run_address>0x27a</run_address>
         <size>0x58</size>
         <input_file_ref idref="fl-2b"/>
      </object_component>
      <object_component id="oc-296">
         <name>.debug_abbrev</name>
         <load_address>0x2d2</load_address>
         <run_address>0x2d2</run_address>
         <size>0xc0</size>
         <input_file_ref idref="fl-2c"/>
      </object_component>
      <object_component id="oc-25b">
         <name>.debug_abbrev</name>
         <load_address>0x392</load_address>
         <run_address>0x392</run_address>
         <size>0x7e</size>
         <input_file_ref idref="fl-2c"/>
      </object_component>
      <object_component id="oc-29a">
         <name>.debug_abbrev</name>
         <load_address>0x410</load_address>
         <run_address>0x410</run_address>
         <size>0x24</size>
         <input_file_ref idref="fl-2c"/>
      </object_component>
      <object_component id="oc-2a6">
         <name>.debug_abbrev</name>
         <load_address>0x434</load_address>
         <run_address>0x434</run_address>
         <size>0x24</size>
         <input_file_ref idref="fl-2c"/>
      </object_component>
      <object_component id="oc-269">
         <name>.debug_abbrev</name>
         <load_address>0x458</load_address>
         <run_address>0x458</run_address>
         <size>0x24</size>
         <input_file_ref idref="fl-2c"/>
      </object_component>
      <object_component id="oc-29f">
         <name>.debug_abbrev</name>
         <load_address>0x47c</load_address>
         <run_address>0x47c</run_address>
         <size>0x4b</size>
         <input_file_ref idref="fl-2c"/>
      </object_component>
      <object_component id="oc-132">
         <name>.debug_abbrev</name>
         <load_address>0x4c7</load_address>
         <run_address>0x4c7</run_address>
         <size>0x24</size>
         <input_file_ref idref="fl-2d"/>
      </object_component>
      <object_component id="oc-1bf">
         <name>.debug_abbrev</name>
         <load_address>0x4eb</load_address>
         <run_address>0x4eb</run_address>
         <size>0x55</size>
         <input_file_ref idref="fl-30"/>
      </object_component>
      <object_component id="oc-295">
         <name>.debug_abbrev</name>
         <load_address>0x540</load_address>
         <run_address>0x540</run_address>
         <size>0x53</size>
         <input_file_ref idref="fl-31"/>
      </object_component>
      <object_component id="oc-13a">
         <name>.debug_abbrev</name>
         <load_address>0x593</load_address>
         <run_address>0x593</run_address>
         <size>0x37</size>
         <input_file_ref idref="fl-32"/>
      </object_component>
      <object_component id="oc-d5">
         <name>.debug_abbrev</name>
         <load_address>0x5ca</load_address>
         <run_address>0x5ca</run_address>
         <size>0x74</size>
         <input_file_ref idref="fl-32"/>
      </object_component>
      <object_component id="oc-d8">
         <name>.debug_abbrev</name>
         <load_address>0x63e</load_address>
         <run_address>0x63e</run_address>
         <size>0x24</size>
         <input_file_ref idref="fl-32"/>
      </object_component>
      <object_component id="oc-137">
         <name>.debug_abbrev</name>
         <load_address>0x662</load_address>
         <run_address>0x662</run_address>
         <size>0x24</size>
         <input_file_ref idref="fl-32"/>
      </object_component>
      <object_component id="oc-18d">
         <name>.debug_abbrev</name>
         <load_address>0x686</load_address>
         <run_address>0x686</run_address>
         <size>0x37</size>
         <input_file_ref idref="fl-33"/>
      </object_component>
      <object_component id="oc-c4">
         <name>.debug_abbrev</name>
         <load_address>0x6bd</load_address>
         <run_address>0x6bd</run_address>
         <size>0x7d</size>
         <input_file_ref idref="fl-33"/>
      </object_component>
      <object_component id="oc-c7">
         <name>.debug_abbrev</name>
         <load_address>0x73a</load_address>
         <run_address>0x73a</run_address>
         <size>0x24</size>
         <input_file_ref idref="fl-33"/>
      </object_component>
      <object_component id="oc-18a">
         <name>.debug_abbrev</name>
         <load_address>0x75e</load_address>
         <run_address>0x75e</run_address>
         <size>0x35</size>
         <input_file_ref idref="fl-33"/>
      </object_component>
      <object_component id="oc-12a">
         <name>.debug_abbrev</name>
         <load_address>0x793</load_address>
         <run_address>0x793</run_address>
         <size>0x24</size>
         <input_file_ref idref="fl-33"/>
      </object_component>
      <object_component id="oc-238">
         <name>.debug_abbrev</name>
         <load_address>0x7b7</load_address>
         <run_address>0x7b7</run_address>
         <size>0x25</size>
         <input_file_ref idref="fl-34"/>
      </object_component>
      <object_component id="oc-1b4">
         <name>.debug_abbrev</name>
         <load_address>0x7dc</load_address>
         <run_address>0x7dc</run_address>
         <size>0x8d</size>
         <input_file_ref idref="fl-34"/>
      </object_component>
      <object_component id="oc-234">
         <name>.debug_abbrev</name>
         <load_address>0x869</load_address>
         <run_address>0x869</run_address>
         <size>0x4d</size>
         <input_file_ref idref="fl-35"/>
      </object_component>
      <object_component id="oc-1a1">
         <name>.debug_abbrev</name>
         <load_address>0x8b6</load_address>
         <run_address>0x8b6</run_address>
         <size>0x7f</size>
         <input_file_ref idref="fl-35"/>
      </object_component>
      <object_component id="oc-1a4">
         <name>.debug_abbrev</name>
         <load_address>0x935</load_address>
         <run_address>0x935</run_address>
         <size>0x70</size>
         <input_file_ref idref="fl-35"/>
      </object_component>
      <object_component id="oc-1bc">
         <name>.debug_abbrev</name>
         <load_address>0x9a5</load_address>
         <run_address>0x9a5</run_address>
         <size>0x71</size>
         <input_file_ref idref="fl-36"/>
      </object_component>
      <object_component id="oc-23f">
         <name>.debug_abbrev</name>
         <load_address>0xa16</load_address>
         <run_address>0xa16</run_address>
         <size>0x7f</size>
         <input_file_ref idref="fl-37"/>
      </object_component>
      <object_component id="oc-19a">
         <name>.debug_abbrev</name>
         <load_address>0xa95</load_address>
         <run_address>0xa95</run_address>
         <size>0x68</size>
         <input_file_ref idref="fl-38"/>
      </object_component>
      <object_component id="oc-278">
         <name>.debug_abbrev</name>
         <load_address>0xafd</load_address>
         <run_address>0xafd</run_address>
         <size>0x25</size>
         <input_file_ref idref="fl-39"/>
      </object_component>
      <object_component id="oc-21c">
         <name>.debug_abbrev</name>
         <load_address>0xb22</load_address>
         <run_address>0xb22</run_address>
         <size>0x7f</size>
         <input_file_ref idref="fl-39"/>
      </object_component>
      <object_component id="oc-27e">
         <name>.debug_abbrev</name>
         <load_address>0xba1</load_address>
         <run_address>0xba1</run_address>
         <size>0x35</size>
         <input_file_ref idref="fl-3a"/>
      </object_component>
      <object_component id="oc-232">
         <name>.debug_abbrev</name>
         <load_address>0xbd6</load_address>
         <run_address>0xbd6</run_address>
         <size>0x8d</size>
         <input_file_ref idref="fl-3a"/>
      </object_component>
      <object_component id="oc-243">
         <name>.debug_abbrev</name>
         <load_address>0xc63</load_address>
         <run_address>0xc63</run_address>
         <size>0x45</size>
         <input_file_ref idref="fl-3b"/>
      </object_component>
      <object_component id="oc-18f">
         <name>.debug_abbrev</name>
         <load_address>0xca8</load_address>
         <run_address>0xca8</run_address>
         <size>0x45</size>
         <input_file_ref idref="fl-3e"/>
      </object_component>
      <object_component id="oc-12e">
         <name>.debug_abbrev</name>
         <load_address>0xced</load_address>
         <run_address>0xced</run_address>
         <size>0x71</size>
         <input_file_ref idref="fl-3e"/>
      </object_component>
      <object_component id="oc-27d">
         <name>.debug_abbrev</name>
         <load_address>0xd5e</load_address>
         <run_address>0xd5e</run_address>
         <size>0x3c</size>
         <input_file_ref idref="fl-3f"/>
      </object_component>
      <object_component id="oc-27b">
         <name>.debug_abbrev</name>
         <load_address>0xd9a</load_address>
         <run_address>0xd9a</run_address>
         <size>0x3c</size>
         <input_file_ref idref="fl-40"/>
      </object_component>
      <object_component id="oc-127">
         <name>.debug_abbrev</name>
         <load_address>0xdd6</load_address>
         <run_address>0xdd6</run_address>
         <size>0x3a</size>
         <input_file_ref idref="fl-41"/>
      </object_component>
      <object_component id="oc-125">
         <name>.debug_abbrev</name>
         <load_address>0xe10</load_address>
         <run_address>0xe10</run_address>
         <size>0x3c</size>
         <input_file_ref idref="fl-42"/>
      </object_component>
      <object_component id="oc-276">
         <name>.debug_abbrev</name>
         <load_address>0xe4c</load_address>
         <run_address>0xe4c</run_address>
         <size>0x3c</size>
         <input_file_ref idref="fl-43"/>
      </object_component>
      <object_component id="oc-126">
         <name>.debug_abbrev</name>
         <load_address>0xe88</load_address>
         <run_address>0xe88</run_address>
         <size>0x3c</size>
         <input_file_ref idref="fl-44"/>
      </object_component>
      <object_component id="oc-280">
         <name>.debug_abbrev</name>
         <load_address>0xec4</load_address>
         <run_address>0xec4</run_address>
         <size>0x3c</size>
         <input_file_ref idref="fl-45"/>
      </object_component>
      <object_component id="oc-277">
         <name>.debug_abbrev</name>
         <load_address>0xf00</load_address>
         <run_address>0xf00</run_address>
         <size>0x3c</size>
         <input_file_ref idref="fl-45"/>
      </object_component>
      <object_component id="oc-27c">
         <name>.debug_abbrev</name>
         <load_address>0xf3c</load_address>
         <run_address>0xf3c</run_address>
         <size>0x3c</size>
         <input_file_ref idref="fl-46"/>
      </object_component>
      <object_component id="oc-27a">
         <name>.debug_abbrev</name>
         <load_address>0xf78</load_address>
         <run_address>0xf78</run_address>
         <size>0x3c</size>
         <input_file_ref idref="fl-47"/>
      </object_component>
      <object_component id="oc-236">
         <name>.debug_abbrev</name>
         <load_address>0xfb4</load_address>
         <run_address>0xfb4</run_address>
         <size>0x7f</size>
         <input_file_ref idref="fl-49"/>
      </object_component>
      <object_component id="oc-237">
         <name>.debug_abbrev</name>
         <load_address>0x1033</load_address>
         <run_address>0x1033</run_address>
         <size>0x7f</size>
         <input_file_ref idref="fl-4a"/>
      </object_component>
      <object_component id="oc-2f9">
         <name>.debug_abbrev</name>
         <load_address>0x10b2</load_address>
         <run_address>0x10b2</run_address>
         <size>0xf</size>
      </object_component>
      <object_component id="oc-ce">
         <name>.debug_str</name>
         <load_address>0x0</load_address>
         <run_address>0x0</run_address>
         <size>0xfd</size>
         <input_file_ref idref="fl-2"/>
      </object_component>
      <object_component id="oc-29c">
         <name>.debug_str</name>
         <load_address>0xfd</load_address>
         <run_address>0xfd</run_address>
         <size>0xed</size>
         <input_file_ref idref="fl-2c"/>
      </object_component>
      <object_component id="oc-2a8">
         <name>.debug_str</name>
         <load_address>0x1ea</load_address>
         <run_address>0x1ea</run_address>
         <size>0x14c</size>
         <input_file_ref idref="fl-2c"/>
      </object_component>
      <object_component id="oc-26b">
         <name>.debug_str</name>
         <load_address>0x336</load_address>
         <run_address>0x336</run_address>
         <size>0x147</size>
         <input_file_ref idref="fl-2c"/>
      </object_component>
      <object_component id="oc-2a1">
         <name>.debug_str</name>
         <load_address>0x47d</load_address>
         <run_address>0x47d</run_address>
         <size>0x197</size>
         <input_file_ref idref="fl-2c"/>
      </object_component>
      <object_component id="oc-134">
         <name>.debug_str</name>
         <load_address>0x614</load_address>
         <run_address>0x614</run_address>
         <size>0x140</size>
         <input_file_ref idref="fl-2d"/>
      </object_component>
      <object_component id="oc-da">
         <name>.debug_str</name>
         <load_address>0x754</load_address>
         <run_address>0x754</run_address>
         <size>0x10b</size>
         <input_file_ref idref="fl-32"/>
      </object_component>
      <object_component id="oc-139">
         <name>.debug_str</name>
         <load_address>0x85f</load_address>
         <run_address>0x85f</run_address>
         <size>0x140</size>
         <input_file_ref idref="fl-32"/>
      </object_component>
      <object_component id="oc-c9">
         <name>.debug_str</name>
         <load_address>0x99f</load_address>
         <run_address>0x99f</run_address>
         <size>0x118</size>
         <input_file_ref idref="fl-33"/>
      </object_component>
      <object_component id="oc-18c">
         <name>.debug_str</name>
         <load_address>0xab7</load_address>
         <run_address>0xab7</run_address>
         <size>0x16b</size>
         <input_file_ref idref="fl-33"/>
      </object_component>
      <object_component id="oc-12c">
         <name>.debug_str</name>
         <load_address>0xc22</load_address>
         <run_address>0xc22</run_address>
         <size>0x158</size>
         <input_file_ref idref="fl-33"/>
      </object_component>
      <object_component id="oc-1a6">
         <name>.debug_str</name>
         <load_address>0xd7a</load_address>
         <run_address>0xd7a</run_address>
         <size>0xf7</size>
         <input_file_ref idref="fl-35"/>
      </object_component>
      <object_component id="oc-e3">
         <name>.debug_aranges</name>
         <load_address>0x0</load_address>
         <run_address>0x0</run_address>
         <size>0x20</size>
[...]
         <value>0xd39e</value>
         <object_component_ref idref="oc-166"/>
      </symbol>
      <symbol id="sm-158">
         <name>_system_post_cinit</name>
         <value>0xd3a2</value>
         <object_component_ref idref="oc-255"/>
      </symbol>
      <symbol id="sm-16e">
         <name>__TI_decompress_none</name>
         <value>0xd336</value>
         <object_component_ref idref="oc-3a"/>
      </symbol>
      <symbol id="sm-191">
         <name>__TI_decompress_lzss</name>
         <value>0xcf38</value>
         <object_component_ref idref="oc-34"/>
      </symbol>
      <symbol id="sm-1cb">
         <name>__mspabi_addd</name>
         <value>0xc000</value>
         <object_component_ref idref="oc-151"/>
      </symbol>
      <symbol id="sm-1f1">
         <name>__mspabi_divd</name>
         <value>0xcbae</value>
         <object_component_ref idref="oc-14b"/>
      </symbol>
      <symbol id="sm-1fc">
         <name>__mspabi_fixdu</name>
         <value>0xd324</value>
         <object_component_ref idref="oc-157"/>
      </symbol>
      <symbol id="sm-20c">
         <name>__mspabi_fixdul</name>
         <value>0xcfb4</value>
         <object_component_ref idref="oc-1b6"/>
      </symbol>
      <symbol id="sm-215">
         <name>__mspabi_fltud</name>
         <value>0xd392</value>
         <object_component_ref idref="oc-145"/>
      </symbol>
      <symbol id="sm-22a">
         <name>__mspabi_fltuld</name>
         <value>0xceae</value>
         <object_component_ref idref="oc-194"/>
      </symbol>
      <symbol id="sm-245">
         <name>__TI_frcdivd</name>
         <value>0xc736</value>
         <object_component_ref idref="oc-19b"/>
      </symbol>
      <symbol id="sm-24f">
         <name>C$$EXIT</name>
         <value>0xd398</value>
         <object_component_ref idref="oc-1d3"/>
      </symbol>
      <symbol id="sm-250">
         <name>abort</name>
         <value>0xd398</value>
         <object_component_ref idref="oc-1d3"/>
      </symbol>
      <symbol id="sm-260">
         <name>memcpy</name>
         <value>0xd35a</value>
         <object_component_ref idref="oc-cf"/>
      </symbol>
      <symbol id="sm-268">
         <name>__mspabi_srai</name>
         <value>0xd21c</value>
         <object_component_ref idref="oc-22d"/>
      </symbol>
      <symbol id="sm-269">
         <name>__mspabi_srai_8</name>
         <value>0xd236</value>
         <object_component_ref idref="oc-22d"/>
      </symbol>
      <symbol id="sm-26a">
         <name>__mspabi_srai_9</name>
         <value>0xd234</value>
         <object_component_ref idref="oc-22d"/>
      </symbol>
      <symbol id="sm-26b">
         <name>__mspabi_srai_6</name>
         <value>0xd23a</value>
         <object_component_ref idref="oc-22d"/>
      </symbol>
      <symbol id="sm-26c">
         <name>__mspabi_srai_7</name>
         <value>0xd238</value>
         <object_component_ref idref="oc-22d"/>
      </symbol>
      <symbol id="sm-26d">
         <name>__mspabi_srai_4</name>
         <value>0xd23e</value>
         <object_component_ref idref="oc-22d"/>
      </symbol>
      <symbol id="sm-26e">
         <name>__mspabi_srai_5</name>
         <value>0xd23c</value>
         <object_component_ref idref="oc-22d"/>
      </symbol>
      <symbol id="sm-26f">
         <name>__mspabi_srai_2</name>
         <value>0xd242</value>
         <object_component_ref idref="oc-22d"/>
      </symbol>
      <symbol id="sm-270">
         <name>__mspabi_srai_3</name>
         <value>0xd240</value>
         <object_component_ref idref="oc-22d"/>
      </symbol>
      <symbol id="sm-271">
         <name>__mspabi_srai_1</name>
         <value>0xd244</value>
         <object_component_ref idref="oc-22d"/>
      </symbol>
      <symbol id="sm-272">
         <name>__mspabi_srai_15</name>
         <value>0xd228</value>
         <object_component_ref idref="oc-22d"/>
      </symbol>
      <symbol id="sm-273">
         <name>__mspabi_srai_14</name>
         <value>0xd22a</value>
         <object_component_ref idref="oc-22d"/>
      </symbol>
      <symbol id="sm-274">
         <name>__mspabi_srai_13</name>
         <value>0xd22c</value>
         <object_component_ref idref="oc-22d"/>
      </symbol>
      <symbol id="sm-275">
         <name>__mspabi_srai_12</name>
         <value>0xd22e</value>
         <object_component_ref idref="oc-22d"/>
      </symbol>
      <symbol id="sm-276">
         <name>__mspabi_srai_11</name>
         <value>0xd230</value>
         <object_component_ref idref="oc-22d"/>
      </symbol>
      <symbol id="sm-277">
         <name>__mspabi_srai_10</name>
         <value>0xd232</value>
         <object_component_ref idref="oc-22d"/>
      </symbol>
      <symbol id="sm-27f">
         <name>__mspabi_sral_15</name>
         <value>0xd1a0</value>
         <object_component_ref idref="oc-223"/>
      </symbol>
      <symbol id="sm-280">
         <name>__mspabi_sral_14</name>
         <value>0xd1a4</value>
         <object_component_ref idref="oc-223"/>
      </symbol>
      <symbol id="sm-281">
         <name>__mspabi_sral_13</name>
         <value>0xd1a8</value>
         <object_component_ref idref="oc-223"/>
      </symbol>
      <symbol id="sm-282">
         <name>__mspabi_sral_12</name>
         <value>0xd1ac</value>
         <object_component_ref idref="oc-223"/>
      </symbol>
      <symbol id="sm-283">
         <name>__mspabi_sral_11</name>
         <value>0xd1b0</value>
         <object_component_ref idref="oc-223"/>
      </symbol>
      <symbol id="sm-284">
         <name>__mspabi_sral_10</name>
         <value>0xd1b4</value>
         <object_component_ref idref="oc-223"/>
      </symbol>
      <symbol id="sm-285">
         <name>__mspabi_sral_8</name>
         <value>0xd1bc</value>
         <object_component_ref idref="oc-223"/>
      </symbol>
      <symbol id="sm-286">
         <name>__mspabi_sral_9</name>
         <value>0xd1b8</value>
         <object_component_ref idref="oc-223"/>
      </symbol>
      <symbol id="sm-287">
         <name>__mspabi_sral_6</name>
         <value>0xd1c4</value>
         <object_component_ref idref="oc-223"/>
      </symbol>
      <symbol id="sm-288">
         <name>__mspabi_sral_7</name>
         <value>0xd1c0</value>
         <object_component_ref idref="oc-223"/>
      </symbol>
      <symbol id="sm-289">
         <name>__mspabi_sral_4</name>
         <value>0xd1cc</value>
         <object_component_ref idref="oc-223"/>
      </symbol>
      <symbol id="sm-28a">
         <name>__mspabi_sral_5</name>
         <value>0xd1c8</value>
         <object_component_ref idref="oc-223"/>
      </symbol>
      <symbol id="sm-28b">
         <name>__mspabi_sral_2</name>
         <value>0xd1d4</value>
         <object_component_ref idref="oc-223"/>
      </symbol>
      <symbol id="sm-28c">
         <name>__mspabi_sral_3</name>
         <value>0xd1d0</value>
         <object_component_ref idref="oc-223"/>
      </symbol>
      <symbol id="sm-28d">
         <name>__mspabi_sral_1</name>
         <value>0xd1d8</value>
         <object_component_ref idref="oc-223"/>
      </symbol>
      <symbol id="sm-296">
         <name>__mspabi_func_epilog_2</name>
         <value>0xd376</value>
         <object_component_ref idref="oc-bf"/>
      </symbol>
      <symbol id="sm-297">
         <name>__mspabi_func_epilog_3</name>
         <value>0xd374</value>
         <object_component_ref idref="oc-bf"/>
      </symbol>
      <symbol id="sm-298">
         <name>__mspabi_func_epilog_1</name>
         <value>0xd378</value>
         <object_component_ref idref="oc-bf"/>
      </symbol>
      <symbol id="sm-299">
         <name>__mspabi_func_epilog_6</name>
         <value>0xd36e</value>
         <object_component_ref idref="oc-bf"/>
      </symbol>
      <symbol id="sm-29a">
         <name>__mspabi_func_epilog_7</name>
         <value>0xd36c</value>
         <object_component_ref idref="oc-bf"/>
      </symbol>
      <symbol id="sm-29b">
         <name>__mspabi_func_epilog_4</name>
         <value>0xd372</value>
         <object_component_ref idref="oc-bf"/>
      </symbol>
      <symbol id="sm-29c">
         <name>__mspabi_func_epilog_5</name>
         <value>0xd370</value>
         <object_component_ref idref="oc-bf"/>
      </symbol>
      <symbol id="sm-2a4">
         <name>__mspabi_slli</name>
         <value>0xd248</value>
         <object_component_ref idref="oc-b5"/>
      </symbol>
      <symbol id="sm-2a5">
         <name>__mspabi_slli_9</name>
         <value>0xd260</value>
         <object_component_ref idref="oc-b5"/>
      </symbol>
      <symbol id="sm-2a6">
         <name>__mspabi_slli_8</name>
         <value>0xd262</value>
         <object_component_ref idref="oc-b5"/>
      </symbol>
      <symbol id="sm-2a7">
         <name>__mspabi_slli_7</name>
         <value>0xd264</value>
         <object_component_ref idref="oc-b5"/>
      </symbol>
      <symbol id="sm-2a8">
         <name>__mspabi_slli_6</name>
         <value>0xd266</value>
         <object_component_ref idref="oc-b5"/>
      </symbol>
      <symbol id="sm-2a9">
         <name>__mspabi_slli_5</name>
         <value>0xd268</value>
         <object_component_ref idref="oc-b5"/>
      </symbol>
      <symbol id="sm-2aa">
         <name>__mspabi_slli_4</name>
         <value>0xd26a</value>
         <object_component_ref idref="oc-b5"/>
      </symbol>
      <symbol id="sm-2ab">
         <name>__mspabi_slli_3</name>
         <value>0xd26c</value>
         <object_component_ref idref="oc-b5"/>
      </symbol>
      <symbol id="sm-2ac">
         <name>__mspabi_slli_2</name>
         <value>0xd26e</value>
         <object_component_ref idref="oc-b5"/>
      </symbol>
      <symbol id="sm-2ad">
         <name>__mspabi_slli_1</name>
         <value>0xd270</value>
         <object_component_ref idref="oc-b5"/>
      </symbol>
      <symbol id="sm-2ae">
         <name>__mspabi_slli_15</name>
         <value>0xd254</value>
         <object_component_ref idref="oc-b5"/>
      </symbol>
      <symbol id="sm-2af">
         <name>__mspabi_slli_14</name>
         <value>0xd256</value>
         <object_component_ref idref="oc-b5"/>
      </symbol>
      <symbol id="sm-2b0">
         <name>__mspabi_slli_13</name>
         <value>0xd258</value>
         <object_component_ref idref="oc-b5"/>
      </symbol>
      <symbol id="sm-2b1">
         <name>__mspabi_slli_12</name>
         <value>0xd25a</value>
         <object_component_ref idref="oc-b5"/>
      </symbol>
      <symbol id="sm-2b2">
         <name>__mspabi_slli_11</name>
         <value>0xd25c</value>
         <object_component_ref idref="oc-b5"/>
      </symbol>
      <symbol id="sm-2b3">
         <name>__mspabi_slli_10</name>
         <value>0xd25e</value>
         <object_component_ref idref="oc-b5"/>
      </symbol>
      <symbol id="sm-2bb">
         <name>__mspabi_slll_9</name>
         <value>0xd1f6</value>
         <object_component_ref idref="oc-212"/>
      </symbol>
      <symbol id="sm-2bc">
         <name>__mspabi_slll_8</name>
         <value>0xd1fa</value>
         <object_component_ref idref="oc-212"/>
      </symbol>
      <symbol id="sm-2bd">
         <name>__mspabi_slll_7</name>
         <value>0xd1fe</value>
         <object_component_ref idref="oc-212"/>
      </symbol>
      <symbol id="sm-2be">
         <name>__mspabi_slll_6</name>
         <value>0xd202</value>
         <object_component_ref idref="oc-212"/>
      </symbol>
      <symbol id="sm-2bf">
         <name>__mspabi_slll_5</name>
         <value>0xd206</value>
         <object_component_ref idref="oc-212"/>
      </symbol>
      <symbol id="sm-2c0">
         <name>__mspabi_slll_4</name>
         <value>0xd20a</value>
         <object_component_ref idref="oc-212"/>
      </symbol>
      <symbol id="sm-2c1">
         <name>__mspabi_slll_3</name>
         <value>0xd20e</value>
         <object_component_ref idref="oc-212"/>
      </symbol>
      <symbol id="sm-2c2">
         <name>__mspabi_slll_2</name>
         <value>0xd212</value>
         <object_component_ref idref="oc-212"/>
      </symbol>
      <symbol id="sm-2c3">
         <name>__mspabi_slll_1</name>
         <value>0xd216</value>
         <object_component_ref idref="oc-212"/>
      </symbol>
      <symbol id="sm-2c4">
         <name>__mspabi_slll_15</name>
         <value>0xd1de</value>
         <object_component_ref idref="oc-212"/>
      </symbol>
      <symbol id="sm-2c5">
         <name>__mspabi_slll_14</name>
         <value>0xd1e2</value>
         <object_component_ref idref="oc-212"/>
      </symbol>
      <symbol id="sm-2c6">
         <name>__mspabi_slll_13</name>
         <value>0xd1e6</value>
         <object_component_ref idref="oc-212"/>
      </symbol>
      <symbol id="sm-2c7">
         <name>__mspabi_slll_12</name>
         <value>0xd1ea</value>
         <object_component_ref idref="oc-212"/>
      </symbol>
      <symbol id="sm-2c8">
         <name>__mspabi_slll_11</name>
         <value>0xd1ee</value>
         <object_component_ref idref="oc-212"/>
      </symbol>
      <symbol id="sm-2c9">
         <name>__mspabi_slll_10</name>
         <value>0xd1f2</value>
         <object_component_ref idref="oc-212"/>
      </symbol>
      <symbol id="sm-2d1">
         <name>__mspabi_srli_8</name>
         <value>0xd0ae</value>
         <object_component_ref idref="oc-ba"/>
      </symbol>
      <symbol id="sm-2d2">
         <name>__mspabi_srli_9</name>
         <value>0xd0aa</value>
         <object_component_ref idref="oc-ba"/>
      </symbol>
      <symbol id="sm-2d3">
         <name>__mspabi_srli_6</name>
         <value>0xd0b6</value>
         <object_component_ref idref="oc-ba"/>
      </symbol>
      <symbol id="sm-2d4">
         <name>__mspabi_srli_7</name>
         <value>0xd0b2</value>
         <object_component_ref idref="oc-ba"/>
      </symbol>
      <symbol id="sm-2d5">
         <name>__mspabi_srli_4</name>
         <value>0xd0be</value>
         <object_component_ref idref="oc-ba"/>
      </symbol>
      <symbol id="sm-2d6">
         <name>__mspabi_srli_5</name>
         <value>0xd0ba</value>
         <object_component_ref idref="oc-ba"/>
      </symbol>
      <symbol id="sm-2d7">
         <name>__mspabi_srli_2</name>
         <value>0xd0c6</value>
         <object_component_ref idref="oc-ba"/>
      </symbol>
      <symbol id="sm-2d8">
         <name>__mspabi_srli_3</name>
         <value>0xd0c2</value>
         <object_component_ref idref="oc-ba"/>
      </symbol>
      <symbol id="sm-2d9">
         <name>__mspabi_srli_1</name>
         <value>0xd0ca</value>
         <object_component_ref idref="oc-ba"/>
      </symbol>
      <symbol id="sm-2da">
         <name>__mspabi_srli</name>
         <value>0xd084</value>
         <object_component_ref idref="oc-ba"/>
      </symbol>
      <symbol id="sm-2db">
         <name>__mspabi_srli_15</name>
         <value>0xd092</value>
         <object_component_ref idref="oc-ba"/>
      </symbol>
      <symbol id="sm-2dc">
         <name>__mspabi_srli_14</name>
         <value>0xd096</value>
         <object_component_ref idref="oc-ba"/>
      </symbol>
      <symbol id="sm-2dd">
         <name>__mspabi_srli_13</name>
         <value>0xd09a</value>
         <object_component_ref idref="oc-ba"/>
      </symbol>
      <symbol id="sm-2de">
         <name>__mspabi_srli_12</name>
         <value>0xd09e</value>
         <object_component_ref idref="oc-ba"/>
      </symbol>
      <symbol id="sm-2df">
         <name>__mspabi_srli_11</name>
         <value>0xd0a2</value>
         <object_component_ref idref="oc-ba"/>
      </symbol>
      <symbol id="sm-2e0">
         <name>__mspabi_srli_10</name>
         <value>0xd0a6</value>
         <object_component_ref idref="oc-ba"/>
      </symbol>
      <symbol id="sm-2f0">
         <name>__mspabi_srll_8</name>
         <value>0xd052</value>
         <object_component_ref idref="oc-217"/>
      </symbol>
      <symbol id="sm-2f1">
         <name>__mspabi_srll_9</name>
         <value>0xd04c</value>
         <object_component_ref idref="oc-217"/>
      </symbol>
      <symbol id="sm-2f2">
         <name>__mspabi_srll_6</name>
         <value>0xd05e</value>
         <object_component_ref idref="oc-217"/>
      </symbol>
      <symbol id="sm-2f3">
         <name>__mspabi_srll_7</name>
         <value>0xd058</value>
         <object_component_ref idref="oc-217"/>
      </symbol>
      <symbol id="sm-2f4">
         <name>__mspabi_srll_4</name>
         <value>0xd06a</value>
         <object_component_ref idref="oc-217"/>
      </symbol>
      <symbol id="sm-2f5">
         <name>__mspabi_srll_5</name>
         <value>0xd064</value>
         <object_component_ref idref="oc-217"/>
      </symbol>
      <symbol id="sm-2f6">
         <name>__mspabi_srll_2</name>
         <value>0xd076</value>
         <object_component_ref idref="oc-217"/>
      </symbol>
      <symbol id="sm-2f7">
         <name>__mspabi_srll_3</name>
         <value>0xd070</value>
         <object_component_ref idref="oc-217"/>
      </symbol>
      <symbol id="sm-2f8">
         <name>__mspabi_srll_1</name>
         <value>0xd07c</value>
         <object_component_ref idref="oc-217"/>
      </symbol>
      <symbol id="sm-2f9">
         <name>__mspabi_srll_15</name>
         <value>0xd028</value>
         <object_component_ref idref="oc-217"/>
      </symbol>
      <symbol id="sm-2fa">
         <name>__mspabi_srll_14</name>
         <value>0xd02e</value>
         <object_component_ref idref="oc-217"/>
      </symbol>
      <symbol id="sm-2fb">
         <name>__mspabi_srll_13</name>
         <value>0xd034</value>
         <object_component_ref idref="oc-217"/>
      </symbol>
      <symbol id="sm-2fc">
         <name>__mspabi_srll_12</name>
         <value>0xd03a</value>
         <object_component_ref idref="oc-217"/>
      </symbol>
      <symbol id="sm-2fd">
         <name>__mspabi_srll_11</name>
         <value>0xd040</value>
         <object_component_ref idref="oc-217"/>
      </symbol>
      <symbol id="sm-2fe">
         <name>__mspabi_srll_10</name>
         <value>0xd046</value>
         <object_component_ref idref="oc-217"/>
      </symbol>
      <symbol id="sm-2ff">
         <name>__mspabi_srll</name>
         <value>0xd348</value>
         <object_component_ref idref="oc-23a"/>
      </symbol>
      <symbol id="sm-309">
         <name>__mspabi_mpyi_sw</name>
         <value>0xd310</value>
         <object_component_ref idref="oc-228"/>
      </symbol>
      <symbol id="sm-30a">
         <name>__mspabi_mpyi</name>
         <value>0xd310</value>
         <object_component_ref idref="oc-228"/>
      </symbol>
      <symbol id="sm-314">
         <name>__mspabi_mpyl_sw</name>
         <value>0xd274</value>
         <object_component_ref idref="oc-21e"/>
      </symbol>
      <symbol id="sm-315">
         <name>__mspabi_mpyl</name>
         <value>0xd274</value>
         <object_component_ref idref="oc-21e"/>
      </symbol>
      <symbol id="sm-323">
         <name>__mspabi_srall</name>
         <value>0xd0d0</value>
         <object_component_ref idref="oc-1a8"/>
      </symbol>
      <symbol id="sm-330">
         <name>__mspabi_sllll</name>
         <value>0xd11a</value>
         <object_component_ref idref="oc-1ae"/>
      </symbol>
   </symbol_table>
   <title>Link successful</title>
</link_info>
